Component: ARM Compiler 5.06 update 6 (build 750) Tool: armlink [4d35ed]

==============================================================================

Section Cross References

    startup_stm32l051xx.o(RESET) refers to startup_stm32l051xx.o(STACK) for __initial_sp
    startup_stm32l051xx.o(RESET) refers to startup_stm32l051xx.o(.text) for Reset_Handler
    startup_stm32l051xx.o(RESET) refers to stm32l0xx_it.o(i.NMI_Handler) for NMI_Handler
    startup_stm32l051xx.o(RESET) refers to stm32l0xx_it.o(i.HardFault_Handler) for HardFault_Handler
    startup_stm32l051xx.o(RESET) refers to stm32l0xx_it.o(i.SVC_Handler) for SVC_Handler
    startup_stm32l051xx.o(RESET) refers to stm32l0xx_it.o(i.PendSV_Handler) for PendSV_Handler
    startup_stm32l051xx.o(RESET) refers to stm32l0xx_it.o(i.SysTick_Handler) for SysTick_Handler
    startup_stm32l051xx.o(RESET) refers to stm32l0xx_it.o(i.DMA1_Channel4_5_6_7_IRQHandler) for DMA1_Channel4_5_6_7_IRQHandler
    startup_stm32l051xx.o(RESET) refers to ether_hal.o(i.USART2_IRQHandler) for USART2_IRQHandler
    startup_stm32l051xx.o(.text) refers to system_stm32l0xx.o(i.SystemInit) for SystemInit
    startup_stm32l051xx.o(.text) refers to entry.o(.ARM.Collect$$$$00000000) for __main
    main_app.o(i.app_lora_config_init) refers to sx127x_driver.o(i.SX127X_Lora_init) for SX127X_Lora_init
    main_app.o(i.app_lora_config_init) refers to printf8.o(i.__0printf$8) for __2printf
    main_app.o(i.app_lora_config_init) refers to stm32l0xx_hal.o(i.HAL_Delay) for HAL_Delay
    main_app.o(i.app_lora_config_init) refers to sx127x_driver.o(i.SX127X_StartRx) for SX127X_StartRx
    main_app.o(i.app_lora_config_init) refers to main_app.o(.data) for .data
    main_app.o(i.app_lora_config_init) refers to sx127x_driver.o(.data) for G_LoRaConfig
    main_app.o(i.check_factory_parameter) refers to stm_flash.o(i.STMFLASH_Read) for STMFLASH_Read
    main_app.o(i.check_factory_parameter) refers to printf8.o(i.__0printf$8) for __2printf
    main_app.o(i.check_factory_parameter) refers to main_app.o(.data) for .data
    main_app.o(i.lora_process) refers to sx127x_driver.o(i.DIO0_GetState) for DIO0_GetState
    main_app.o(i.lora_process) refers to sx127x_driver.o(i.SX127X_Read) for SX127X_Read
    main_app.o(i.lora_process) refers to sx127x_driver.o(i.SX127X_Write) for SX127X_Write
    main_app.o(i.lora_process) refers to printf8.o(i.__0printf$8) for __2printf
    main_app.o(i.lora_process) refers to sx127x_driver.o(i.SX127X_StandbyMode) for SX127X_StandbyMode
    main_app.o(i.lora_process) refers to sx127x_driver.o(i.SX127X_RxPacket) for SX127X_RxPacket
    main_app.o(i.lora_process) refers to sm4_app.o(i.data_decrypt) for data_decrypt
    main_app.o(i.lora_process) refers to main_app.o(i.__ARM_common_switch8) for __ARM_common_switch8
    main_app.o(i.lora_process) refers to ether_hal.o(i.send_string_to_eth) for send_string_to_eth
    main_app.o(i.lora_process) refers to memseta.o(.text) for __aeabi_memclr
    main_app.o(i.lora_process) refers to sx127x_driver.o(i.SX127X_StartRx) for SX127X_StartRx
    main_app.o(i.lora_process) refers to main_app.o(.data) for .data
    main_app.o(i.lora_process) refers to sx127x_driver.o(.data) for G_LoRaConfig
    main_app.o(i.lora_process) refers to main_app.o(.bss) for .bss
    main_app.o(i.lora_process) refers to ether_hal.o(.bss) for ether_st
    main_app.o(i.lora_send_data) refers to sx127x_driver.o(i.SX127X_StandbyMode) for SX127X_StandbyMode
    main_app.o(i.lora_send_data) refers to sm4_app.o(i.data_encrypt) for data_encrypt
    main_app.o(i.lora_send_data) refers to sx127x_driver.o(i.SX127X_TxPacket) for SX127X_TxPacket
    main_app.o(i.lora_send_data) refers to sx127x_driver.o(.data) for G_LoRaConfig
    main_app.o(i.lora_send_data) refers to main_app.o(.bss) for .bss
    main_app.o(i.lora_send_data) refers to main_app.o(.data) for .data
    main_app.o(i.pin_pack) refers to strlen.o(.text) for strlen
    main_app.o(i.pin_pack) refers to main_app.o(.bss) for .bss
    main_app.o(i.set_txrx_datalen) refers to sx127x_driver.o(.data) for G_LoRaConfig
    main_app.o(i.wifi_connect_pin_pack) refers to main_app.o(.bss) for .bss
    main_app.o(i.wifi_process) refers to main_app.o(i.check_factory_parameter) for check_factory_parameter
    main_app.o(i.wifi_process) refers to printf8.o(i.__0printf$8) for __2printf
    main_app.o(i.wifi_process) refers to stm_flash.o(i.STMFLASH_Read) for STMFLASH_Read
    main_app.o(i.wifi_process) refers to memseta.o(.text) for __aeabi_memclr
    main_app.o(i.wifi_process) refers to main.o(i.u8_ip_to_u32_ip) for u8_ip_to_u32_ip
    main_app.o(i.wifi_process) refers to stm_flash.o(i.STMFLASH_Write) for STMFLASH_Write
    main_app.o(i.wifi_process) refers to main_app.o(i.wifi_connect_pin_pack) for wifi_connect_pin_pack
    main_app.o(i.wifi_process) refers to ether_hal.o(i.send_string_to_eth) for send_string_to_eth
    main_app.o(i.wifi_process) refers to stm32l0xx_hal.o(i.HAL_Delay) for HAL_Delay
[...]
    Removing stm32l0xx_hal_uart_ex.o(i.HAL_MultiProcessorEx_AddressLength_Set), (52 bytes).
    Removing stm32l0xx_hal_uart_ex.o(i.HAL_RS485Ex_Init), (136 bytes).
    Removing stm32l0xx_hal_uart_ex.o(i.HAL_UARTEx_DisableClockStopMode), (36 bytes).
    Removing stm32l0xx_hal_uart_ex.o(i.HAL_UARTEx_DisableStopMode), (34 bytes).
    Removing stm32l0xx_hal_uart_ex.o(i.HAL_UARTEx_EnableClockStopMode), (36 bytes).
    Removing stm32l0xx_hal_uart_ex.o(i.HAL_UARTEx_EnableStopMode), (34 bytes).
    Removing stm32l0xx_hal_uart_ex.o(i.HAL_UARTEx_StopModeWakeUpSourceConfig), (152 bytes).
    Removing system_stm32l0xx.o(.rev16_text), (4 bytes).
    Removing system_stm32l0xx.o(.revsh_text), (4 bytes).
    Removing system_stm32l0xx.o(i.SystemCoreClockUpdate), (156 bytes).
    Removing debug_usart_hal.o(.rev16_text), (4 bytes).
    Removing debug_usart_hal.o(.revsh_text), (4 bytes).
    Removing sx127x_hal.o(.rev16_text), (4 bytes).
    Removing sx127x_hal.o(.revsh_text), (4 bytes).
    Removing sx127x_hal.o(i.DIO0_STATE), (16 bytes).
    Removing sx127x_hal.o(i.SX127X_DIO0_INPUT), (24 bytes).
    Removing sx127x_hal.o(i.SX127X_DIO0_INTDISABLE), (2 bytes).
    Removing sx127x_hal.o(i.SX127X_DIO0_INTENABLE), (2 bytes).
    Removing sx127x_hal.o(i.SX127X_DIO1_INPUT), (24 bytes).
    Removing sx127x_hal.o(i.SX127X_DIO2_INPUT), (24 bytes).
    Removing sx127x_hal.o(i.SX127X_RESET_OUTPUT), (24 bytes).
    Removing sx127x_driver.o(.rev16_text), (4 bytes).
    Removing sx127x_driver.o(.revsh_text), (4 bytes).
    Removing sx127x_driver.o(i.DIO0_DisableInterrupt), (8 bytes).
    Removing sx127x_driver.o(i.DIO0_EnableInterrupt), (8 bytes).
    Removing sx127x_driver.o(i.LSD_RF_ClearFIFO), (12 bytes).
    Removing sx127x_driver.o(i.LSD_RF_Config), (32 bytes).
    Removing sx127x_driver.o(i.LSD_RF_RXmode_FSK), (34 bytes).
    Removing sx127x_driver.o(i.LSD_RF_RxPacket_FSK), (58 bytes).
    Removing sx127x_driver.o(i.LSD_RF_SendPacket_FSK), (64 bytes).
    Removing sx127x_driver.o(i.LSD_RF_SleepMode_FSK), (40 bytes).
    Removing sx127x_driver.o(i.LSD_RF_StandbyMode_FSK), (44 bytes).
    Removing sx127x_driver.o(i.SX127X_Awake), (104 bytes).
    Removing sx127x_driver.o(i.SX127X_CAD_Sample), (26 bytes).
    Removing sx127x_driver.o(i.SX127X_CADinit), (58 bytes).
    Removing sx127x_driver.o(i.SX127X_Current_RSSI), (28 bytes).
    Removing sx127x_driver.o(i.SX127X_InitIo), (34 bytes).
    Removing sx127x_driver.o(i.SX127X_SleepMode), (20 bytes).
    Removing sx127x_driver.o(i.SX127X_WORInit), (8 bytes).
    Removing sx127x_driver.o(i.SX127X_WOR_Execute), (30 bytes).
    Removing sx127x_driver.o(i.SX127X_WOR_Exit), (88 bytes).
    Removing sx127x_driver.o(i.SX127X_WriteFifo), (14 bytes).
    Removing sx127x_driver.o(i.SX127x_Fsk_init), (84 bytes).
    Removing sx127x_driver.o(.constdata), (146 bytes).
    Removing ether_hal.o(.rev16_text), (4 bytes).
    Removing ether_hal.o(.revsh_text), (4 bytes).
    Removing sm4_app.o(i.test_sm4), (132 bytes).
    Removing sm4_app.o(.bss), (32 bytes).
    Removing sm4_app.o(.data), (16 bytes).
    Removing sm4_app.o(.data), (16 bytes).
    Removing sm4.o(i.sm4Lt), (88 bytes).
    Removing sm4.o(i.sm4_crypt_cbc), (130 bytes).
    Removing sm4.o(i.sm4_crypt_ecb), (34 bytes).
    Removing sm4.o(i.sm4_one_round), (228 bytes).
    Removing sm4.o(i.sm4_setkey), (256 bytes).
    Removing sm4.o(i.sm4_setkey_dec), (44 bytes).
    Removing sm4.o(i.sm4_setkey_enc), (12 bytes).
    Removing sm4.o(.constdata), (384 bytes).
    Removing sm4.o(.constdata), (16 bytes).
    Removing stm_flash.o(.rev16_text), (4 bytes).
    Removing stm_flash.o(.revsh_text), (4 bytes).
    Removing stm_flash.o(i.STMFLASH_ReadWord), (4 bytes).
    Removing dadd.o(.text), (356 bytes).
    Removing dmul.o(.text), (208 bytes).
    Removing dfixul.o(.text), (64 bytes).
    Removing cdrcmple.o(.text), (40 bytes).

419 unused section(s) (total 28357 bytes) removed from the image.

==============================================================================

Image Symbol Table

    Local Symbols

    Symbol Name                              Value     Ov Type        Size  Object(Section)

    ../Drivers/STM32L0xx_HAL_Driver/Src/stm32l0xx_hal.c 0x00000000   Number         0  stm32l0xx_hal.o ABSOLUTE
    ../Drivers/STM32L0xx_HAL_Driver/Src/stm32l0xx_hal_cortex.c 0x00000000   Number         0  stm32l0xx_hal_cortex.o ABSOLUTE
    ../Drivers/STM32L0xx_HAL_Driver/Src/stm32l0xx_hal_dma.c 0x00000000   Number         0  stm32l0xx_hal_dma.o ABSOLUTE
    ../Drivers/STM32L0xx_HAL_Driver/Src/stm32l0xx_hal_flash.c 0x00000000   Number         0  stm32l0xx_hal_flash.o ABSOLUTE
    ../Drivers/STM32L0xx_HAL_Driver/Src/stm32l0xx_hal_flash_ex.c 0x00000000   Number         0  stm32l0xx_hal_flash_ex.o ABSOLUTE
    ../Drivers/STM32L0xx_HAL_Driver/Src/stm32l0xx_hal_flash_ramfunc.c 0x00000000   Number         0  stm32l0xx_hal_flash_ramfunc.o ABSOLUTE
    ../Drivers/STM32L0xx_HAL_Driver/Src/stm32l0xx_hal_gpio.c 0x00000000   Number         0  stm32l0xx_hal_gpio.o ABSOLUTE
    ../Drivers/STM32L0xx_HAL_Driver/Src/stm32l0xx_hal_i2c.c 0x00000000   Number         0  stm32l0xx_hal_i2c.o ABSOLUTE
    ../Drivers/STM32L0xx_HAL_Driver/Src/stm32l0xx_hal_i2c_ex.c 0x00000000   Number         0  stm32l0xx_hal_i2c_ex.o ABSOLUTE
    ../Drivers/STM32L0xx_HAL_Driver/Src/stm32l0xx_hal_pwr.c 0x00000000   Number         0  stm32l0xx_hal_pwr.o ABSOLUTE
    ../Drivers/STM32L0xx_HAL_Driver/Src/stm32l0xx_hal_pwr_ex.c 0x00000000   Number         0  stm32l0xx_hal_pwr_ex.o ABSOLUTE
    ../Drivers/STM32L0xx_HAL_Driver/Src/stm32l0xx_hal_rcc.c 0x00000000   Number         0  stm32l0xx_hal_rcc.o ABSOLUTE
    ../Drivers/STM32L0xx_HAL_Driver/Src/stm32l0xx_hal_rcc_ex.c 0x00000000   Number         0  stm32l0xx_hal_rcc_ex.o ABSOLUTE
    ../Drivers/STM32L0xx_HAL_Driver/Src/stm32l0xx_hal_spi.c 0x00000000   Number         0  stm32l0xx_hal_spi.o ABSOLUTE
    ../Drivers/STM32L0xx_HAL_Driver/Src/stm32l0xx_hal_tim.c 0x00000000   Number         0  stm32l0xx_hal_tim.o ABSOLUTE
    ../Drivers/STM32L0xx_HAL_Driver/Src/stm32l0xx_hal_tim_ex.c 0x00000000   Number         0  stm32l0xx_hal_tim_ex.o ABSOLUTE
    ../Drivers/STM32L0xx_HAL_Driver/Src/stm32l0xx_hal_uart.c 0x00000000   Number         0  stm32l0xx_hal_uart.o ABSOLUTE
    ../Drivers/STM32L0xx_HAL_Driver/Src/stm32l0xx_hal_uart_ex.c 0x00000000   Number         0  stm32l0xx_hal_uart_ex.o ABSOLUTE
    ../Src/dma.c                             0x00000000   Number         0  dma.o ABSOLUTE
    ../Src/gpio.c                            0x00000000   Number         0  gpio.o ABSOLUTE
    ../Src/main.c                            0x00000000   Number         0  main.o ABSOLUTE
    ../Src/spi.c                             0x00000000   Number         0  spi.o ABSOLUTE
    ../Src/stm32l0xx_hal_msp.c               0x00000000   Number         0  stm32l0xx_hal_msp.o ABSOLUTE
    ../Src/stm32l0xx_it.c                    0x00000000   Number         0  stm32l0xx_it.o ABSOLUTE
    ../Src/system_stm32l0xx.c                0x00000000   Number         0  system_stm32l0xx.o ABSOLUTE
    ../Src/usart.c                           0x00000000   Number         0  usart.o ABSOLUTE
    ../clib/microlib/division.c              0x00000000   Number         0  uidiv.o ABSOLUTE
    ../clib/microlib/division.c              0x00000000   Number         0  uldiv.o ABSOLUTE
    ../clib/microlib/init/entry.s            0x00000000   Number         0  entry9b.o ABSOLUTE
    ../clib/microlib/init/entry.s            0x00000000   Number         0  entry11a.o ABSOLUTE
    ../clib/microlib/init/entry.s            0x00000000   Number         0  entry5.o ABSOLUTE
    ../clib/microlib/init/entry.s            0x00000000   Number         0  entry.o ABSOLUTE
    ../clib/microlib/init/entry.s            0x00000000   Number         0  entry9a.o ABSOLUTE
    ../clib/microlib/init/entry.s            0x00000000   Number         0  entry10b.o ABSOLUTE
    ../clib/microlib/init/entry.s            0x00000000   Number         0  entry11b.o ABSOLUTE
    ../clib/microlib/init/entry.s            0x00000000   Number         0  entry10a.o ABSOLUTE
    ../clib/microlib/init/entry.s            0x00000000   Number         0  entry8b.o ABSOLUTE
    ../clib/microlib/init/entry.s            0x00000000   Number         0  entry8a.o ABSOLUTE
    ../clib/microlib/init/entry.s            0x00000000   Number         0  entry7b.o ABSOLUTE
    ../clib/microlib/init/entry.s            0x00000000   Number         0  entry7a.o ABSOLUTE
    ../clib/microlib/init/entry.s            0x00000000   Number         0  entry2.o ABSOLUTE
    ../clib/microlib/longlong.c              0x00000000   Number         0  llushr.o ABSOLUTE
    ../clib/microlib/longlong.c              0x00000000   Number         0  llshl.o ABSOLUTE
    ../clib/microlib/longlong.c              0x00000000   Number         0  llsshr.o ABSOLUTE
    ../clib/microlib/printf/printf.c         0x00000000   Number         0  printfb.o ABSOLUTE
    ../clib/microlib/printf/printf.c         0x00000000   Number         0  printf0.o ABSOLUTE
    ../clib/microlib/printf/printf.c         0x00000000   Number         0  printf1.o ABSOLUTE
    ../clib/microlib/printf/printf.c         0x00000000   Number         0  printf2.o ABSOLUTE
    ../clib/microlib/printf/printf.c         0x00000000   Number         0  printf3.o ABSOLUTE
    ../clib/microlib/printf/printf.c         0x00000000   Number         0  printf4.o ABSOLUTE
    ../clib/microlib/printf/printf.c         0x00000000   Number         0  printf5.o ABSOLUTE
    ../clib/microlib/printf/printf.c         0x00000000   Number         0  printf6.o ABSOLUTE
    ../clib/microlib/printf/printf.c         0x00000000   Number         0  printfa.o ABSOLUTE
    ../clib/microlib/printf/printf.c         0x00000000   Number         0  printf8.o ABSOLUTE
    ../clib/microlib/printf/printf.c         0x00000000   Number         0  printf7.o ABSOLUTE
    ../clib/microlib/printf/stubs.s          0x00000000   Number         0  stubs.o ABSOLUTE
    ../clib/microlib/stdio/streams.c         0x00000000   Number         0  stdout.o ABSOLUTE
    ../clib/microlib/string/memcpy.c         0x00000000   Number         0  memcpyb.o ABSOLUTE
    ../clib/microlib/string/memcpy.c         0x00000000   Number         0  memcpya.o ABSOLUTE
    ../clib/microlib/string/memset.c         0x00000000   Number         0  memseta.o ABSOLUTE
    ../clib/microlib/string/strlen.c         0x00000000   Number         0  strlen.o ABSOLUTE
    ../clib/microlib/string/strstr.c         0x00000000   Number         0  strstr.o ABSOLUTE
    ../clib/microlib/stubs.s                 0x00000000   Number         0  iusefp.o ABSOLUTE
    ../clib/microlib/unhosted.c              0x00000000   Number         0  uread4.o ABSOLUTE
    ../fplib/microlib/fpadd.c                0x00000000   Number         0  dadd.o ABSOLUTE
    ../fplib/microlib/fpdiv.c                0x00000000   Number         0  fdiv.o ABSOLUTE
    ../fplib/microlib/fpdiv.c                0x00000000   Number         0  ddiv.o ABSOLUTE
    ../fplib/microlib/fpepilogue.c           0x00000000   Number         0  fepilogue.o ABSOLUTE
    ../fplib/microlib/fpepilogue.c           0x00000000   Number         0  depilogue.o ABSOLUTE
    ../fplib/microlib/fpfix.c                0x00000000   Number         0  dfixul.o ABSOLUTE
    ../fplib/microlib/fpfix.c                0x00000000   Number         0  dfixui.o ABSOLUTE
    ../fplib/microlib/fpflt.c                0x00000000   Number         0  fflti.o ABSOLUTE
    ../fplib/microlib/fpflt.c                0x00000000   Number         0  dfltui.o ABSOLUTE
    ../fplib/microlib/fpmul.c                0x00000000   Number         0  dmul.o ABSOLUTE
    ..\BSP\DEBUG_USART_HAL.c                 0x00000000   Number         0  debug_usart_hal.o ABSOLUTE
    ..\BSP\SX127X_Driver.c                   0x00000000   Number         0  sx127x_driver.o ABSOLUTE
    ..\BSP\SX127X_Hal.c                      0x00000000   Number         0  sx127x_hal.o ABSOLUTE
    ..\BSP\ether_hal.c                       0x00000000   Number         0  ether_hal.o ABSOLUTE
    ..\BSP\sm4.c                             0x00000000   Number         0  sm4.o ABSOLUTE
    ..\BSP\sm4_app.c                         0x00000000   Number         0  sm4_app.o ABSOLUTE
    ..\BSP\stm_flash.c                       0x00000000   Number         0  stm_flash.o ABSOLUTE
    ..\Drivers\STM32L0xx_HAL_Driver\Src\stm32l0xx_hal.c 0x00000000   Number         0  stm32l0xx_hal.o ABSOLUTE
    ..\Drivers\STM32L0xx_HAL_Driver\Src\stm32l0xx_hal_cortex.c 0x00000000   Number         0  stm32l0xx_hal_cortex.o ABSOLUTE
    ..\Drivers\STM32L0xx_HAL_Driver\Src\stm32l0xx_hal_dma.c 0x00000000   Number         0  stm32l0xx_hal_dma.o ABSOLUTE
    ..\Drivers\STM32L0xx_HAL_Driver\Src\stm32l0xx_hal_flash.c 0x00000000   Number         0  stm32l0xx_hal_flash.o ABSOLUTE
    ..\Drivers\STM32L0xx_HAL_Driver\Src\stm32l0xx_hal_flash_ex.c 0x00000000   Number         0  stm32l0xx_hal_flash_ex.o ABSOLUTE
    ..\Drivers\STM32L0xx_HAL_Driver\Src\stm32l0xx_hal_flash_ramfunc.c 0x00000000   Number         0  stm32l0xx_hal_flash_ramfunc.o ABSOLUTE
    ..\Drivers\STM32L0xx_HAL_Driver\Src\stm32l0xx_hal_gpio.c 0x00000000   Number         0  stm32l0xx_hal_gpio.o ABSOLUTE
    ..\Drivers\STM32L0xx_HAL_Driver\Src\stm32l0xx_hal_i2c.c 0x00000000   Number         0  stm32l0xx_hal_i2c.o ABSOLUTE
    ..\Drivers\STM32L0xx_HAL_Driver\Src\stm32l0xx_hal_i2c_ex.c 0x00000000   Number         0  stm32l0xx_hal_i2c_ex.o ABSOLUTE
    ..\Drivers\STM32L0xx_HAL_Driver\Src\stm32l0xx_hal_pwr.c 0x00000000   Number         0  stm32l0xx_hal_pwr.o ABSOLUTE
    ..\Drivers\STM32L0xx_HAL_Driver\Src\stm32l0xx_hal_pwr_ex.c 0x00000000   Number         0  stm32l0xx_hal_pwr_ex.o ABSOLUTE
    ..\Drivers\STM32L0xx_HAL_Driver\Src\stm32l0xx_hal_rcc.c 0x00000000   Number         0  stm32l0xx_hal_rcc.o ABSOLUTE
    ..\Drivers\STM32L0xx_HAL_Driver\Src\stm32l0xx_hal_rcc_ex.c 0x00000000   Number         0  stm32l0xx_hal_rcc_ex.o ABSOLUTE
    ..\Drivers\STM32L0xx_HAL_Driver\Src\stm32l0xx_hal_spi.c 0x00000000   Number         0  stm32l0xx_hal_spi.o ABSOLUTE
    ..\Drivers\STM32L0xx_HAL_Driver\Src\stm32l0xx_hal_tim.c 0x00000000   Number         0  stm32l0xx_hal_tim.o ABSOLUTE
    ..\Drivers\STM32L0xx_HAL_Driver\Src\stm32l0xx_hal_tim_ex.c 0x00000000   Number         0  stm32l0xx_hal_tim_ex.o ABSOLUTE
    ..\Drivers\STM32L0xx_HAL_Driver\Src\stm32l0xx_hal_uart.c 0x00000000   Number         0  stm32l0xx_hal_uart.o ABSOLUTE
    ..\Drivers\STM32L0xx_HAL_Driver\Src\stm32l0xx_hal_uart_ex.c 0x00000000   Number         0  stm32l0xx_hal_uart_ex.o ABSOLUTE
    ..\Src\dma.c                             0x00000000   Number         0  dma.o ABSOLUTE
    ..\Src\gpio.c                            0x00000000   Number         0  gpio.o ABSOLUTE
    ..\Src\main.c                            0x00000000   Number         0  main.o ABSOLUTE
    ..\Src\main_app.c                        0x00000000   Number         0  main_app.o ABSOLUTE
    ..\Src\spi.c                             0x00000000   Number         0  spi.o ABSOLUTE
    ..\Src\stm32l0xx_hal_msp.c               0x00000000   Number         0  stm32l0xx_hal_msp.o ABSOLUTE
    ..\Src\stm32l0xx_it.c                    0x00000000   Number         0  stm32l0xx_it.o ABSOLUTE
    ..\Src\system_stm32l0xx.c                0x00000000   Number         0  system_stm32l0xx.o ABSOLUTE
    ..\Src\usart.c                           0x00000000   Number         0  usart.o ABSOLUTE
    ..\\BSP\\DEBUG_USART_HAL.c               0x00000000   Number         0  debug_usart_hal.o ABSOLUTE
    ..\\BSP\\SX127X_Driver.c                 0x00000000   Number         0  sx127x_driver.o ABSOLUTE
    ..\\BSP\\SX127X_Hal.c                    0x00000000   Number         0  sx127x_hal.o ABSOLUTE
    ..\\BSP\\ether_hal.c                     0x00000000   Number         0  ether_hal.o ABSOLUTE
    ..\\BSP\\stm_flash.c                     0x00000000   Number         0  stm_flash.o ABSOLUTE
    ..\\Src\\main_app.c                      0x00000000   Number         0  main_app.o ABSOLUTE
    cdrcmple.s                               0x00000000   Number         0  cdrcmple.o ABSOLUTE
    dc.s                                     0x00000000   Number         0  dc.o ABSOLUTE
    handlers.s                               0x00000000   Number         0  handlers.o ABSOLUTE
    init.s                                   0x00000000   Number         0  init.o ABSOLUTE
    startup_stm32l051xx.s                    0x00000000   Number         0  startup_stm32l051xx.o ABSOLUTE
    RESET                                    0x08000000   Section      192  startup_stm32l051xx.o(RESET)
    .ARM.Collect$$$$00000000                 0x080000c0   Section        0  entry.o(.ARM.Collect$$$$00000000)
    .ARM.Collect$$$$00000001                 0x080000c0   Section        4  entry2.o(.ARM.Collect$$$$00000001)
    .ARM.Collect$$$$00000004                 0x080000c4   Section        4  entry5.o(.ARM.Collect$$$$00000004)
    .ARM.Collect$$$$00000008                 0x080000c8   Section        0  entry7b.o(.ARM.Collect$$$$00000008)
    .ARM.Collect$$$$0000000A                 0x080000c8   Section        0  entry8b.o(.ARM.Collect$$$$0000000A)
    .ARM.Collect$$$$0000000B                 0x080000c8   Section        8  entry9a.o(.ARM.Collect$$$$0000000B)
    .ARM.Collect$$$$0000000D                 0x080000d0   Section        0  entry10a.o(.ARM.Collect$$$$0000000D)
    .ARM.Collect$$$$0000000F                 0x080000d0   Section        0  entry11a.o(.ARM.Collect$$$$0000000F)
    .ARM.Collect$$$$00002712                 0x080000d0   Section        4  entry2.o(.ARM.Collect$$$$00002712)
    __lit__00000000                          0x080000d0   Data           4  entry2.o(.ARM.Collect$$$$00002712)
    .text                                    0x080000d4   Section       28  startup_stm32l051xx.o(.text)
    .text                                    0x080000f0   Section        0  uidiv.o(.text)
    .text                                    0x0800011c   Section        0  uldiv.o(.text)
    .text                                    0x0800017c   Section        0  memseta.o(.text)
    .text                                    0x080001a0   Section        0  strstr.o(.text)
    .text                                    0x080001c8   Section        0  fdiv.o(.text)
    .text                                    0x08000244   Section        0  ddiv.o(.text)
    .text                                    0x08000334   Section        0  fflti.o(.text)
    .text                                    0x0800034c   Section        0  dfltui.o(.text)
    .text                                    0x08000368   Section        0  dfixui.o(.text)
    .text                                    0x080003a4   Section        0  llshl.o(.text)
    .text                                    0x080003c4   Section        0  llushr.o(.text)
    .text                                    0x080003e6   Section        0  fepilogue.o(.text)
    .text                                    0x080003e6   Section        0  iusefp.o(.text)
    .text                                    0x08000468   Section        0  depilogue.o(.text)
    .text                                    0x08000528   Section       36  init.o(.text)
    i.DIO0_GetState                          0x0800054c   Section        0  sx127x_driver.o(i.DIO0_GetState)
    i.DMA1_Channel4_5_6_7_IRQHandler         0x08000554   Section        0  stm32l0xx_it.o(i.DMA1_Channel4_5_6_7_IRQHandler)
    i.DMA_SetConfig                          0x08000564   Section        0  stm32l0xx_hal_dma.o(i.DMA_SetConfig)
    DMA_SetConfig                            0x08000565   Thumb Code    44  stm32l0xx_hal_dma.o(i.DMA_SetConfig)
    i.ETH_DMA_START                          0x08000590   Section        0  ether_hal.o(i.ETH_DMA_START)
    i.ETH_Rst                                0x080005a4   Section        0  ether_hal.o(i.ETH_Rst)
    i.ETH_UsartReceive_IDLE                  0x080005f0   Section        0  ether_hal.o(i.ETH_UsartReceive_IDLE)
    i.Error_Handler                          0x08000630   Section        0  main.o(i.Error_Handler)
    i.FLASH_PageErase                        0x08000634   Section        0  stm32l0xx_hal_flash_ex.o(i.FLASH_PageErase)
    i.FLASH_SetErrorCode                     0x08000660   Section        0  stm32l0xx_hal_flash.o(i.FLASH_SetErrorCode)
    FLASH_SetErrorCode                       0x08000661   Thumb Code   134  stm32l0xx_hal_flash.o(i.FLASH_SetErrorCode)
    i.FLASH_WaitForLastOperation             0x080006f0   Section        0  stm32l0xx_hal_flash.o(i.FLASH_WaitForLastOperation)
    i.HAL_DMA_Abort                          0x08000760   Section        0  stm32l0xx_hal_dma.o(i.HAL_DMA_Abort)
    i.HAL_DMA_Abort_IT                       0x080007a4   Section        0  stm32l0xx_hal_dma.o(i.HAL_DMA_Abort_IT)
    i.HAL_DMA_GetError                       0x080007f0   Section        0  stm32l0xx_hal_dma.o(i.HAL_DMA_GetError)
    i.HAL_DMA_IRQHandler                     0x080007f4   Section        0  stm32l0xx_hal_dma.o(i.HAL_DMA_IRQHandler)
    i.HAL_DMA_Init                           0x0800089c   Section        0  stm32l0xx_hal_dma.o(i.HAL_DMA_Init)
    i.HAL_DMA_Start_IT                       0x0800092c   Section        0  stm32l0xx_hal_dma.o(i.HAL_DMA_Start_IT)
    i.HAL_Delay                              0x08000994   Section        0  stm32l0xx_hal.o(i.HAL_Delay)
    i.HAL_FLASHEx_Erase                      0x080009b0   Section        0  stm32l0xx_hal_flash_ex.o(i.HAL_FLASHEx_Erase)
    i.HAL_FLASH_Lock                         0x08000a28   Section        0  stm32l0xx_hal_flash.o(i.HAL_FLASH_Lock)
    i.HAL_FLASH_Program                      0x08000a44   Section        0  stm32l0xx_hal_flash.o(i.HAL_FLASH_Program)
    i.HAL_FLASH_Unlock                       0x08000a80   Section        0  stm32l0xx_hal_flash.o(i.HAL_FLASH_Unlock)
    i.HAL_GPIO_Init                          0x08000adc   Section        0  stm32l0xx_hal_gpio.o(i.HAL_GPIO_Init)
    i.HAL_GPIO_ReadPin                       0x08000c54   Section        0  stm32l0xx_hal_gpio.o(i.HAL_GPIO_ReadPin)
    i.HAL_GPIO_WritePin                      0x08000c5e   Section        0  stm32l0xx_hal_gpio.o(i.HAL_GPIO_WritePin)
    i.HAL_GetTick                            0x08000c6c   Section        0  stm32l0xx_hal.o(i.HAL_GetTick)
    i.HAL_IncTick                            0x08000c78   Section        0  stm32l0xx_hal.o(i.HAL_IncTick)
    i.HAL_Init                               0x08000c88   Section        0  stm32l0xx_hal.o(i.HAL_Init)
    i.HAL_InitTick                           0x08000cb0   Section        0  stm32l0xx_hal.o(i.HAL_InitTick)
    i.HAL_MspInit                            0x08000ce0   Section        0  stm32l0xx_hal_msp.o(i.HAL_MspInit)
    i.HAL_NVIC_EnableIRQ                     0x08000cf8   Section        0  stm32l0xx_hal_cortex.o(i.HAL_NVIC_EnableIRQ)
    i.HAL_NVIC_SetPriority                   0x08000d0c   Section        0  stm32l0xx_hal_cortex.o(i.HAL_NVIC_SetPriority)
    i.HAL_NVIC_SystemReset                   0x08000d14   Section        0  stm32l0xx_hal_cortex.o(i.HAL_NVIC_SystemReset)
    i.HAL_RCCEx_PeriphCLKConfig              0x08000d30   Section        0  stm32l0xx_hal_rcc_ex.o(i.HAL_RCCEx_PeriphCLKConfig)
    i.HAL_RCC_CSSCallback                    0x08000e94   Section        0  stm32l0xx_hal_rcc.o(i.HAL_RCC_CSSCallback)
    i.HAL_RCC_ClockConfig                    0x08000e98   Section        0  stm32l0xx_hal_rcc.o(i.HAL_RCC_ClockConfig)
    i.HAL_RCC_EnableCSS                      0x08001004   Section        0  stm32l0xx_hal_rcc.o(i.HAL_RCC_EnableCSS)
    i.HAL_RCC_GetPCLK1Freq                   0x08001018   Section        0  stm32l0xx_hal_rcc.o(i.HAL_RCC_GetPCLK1Freq)
    i.HAL_RCC_GetPCLK2Freq                   0x08001038   Section        0  stm32l0xx_hal_rcc.o(i.HAL_RCC_GetPCLK2Freq)
    i.HAL_RCC_GetSysClockFreq                0x08001058   Section        0  stm32l0xx_hal_rcc.o(i.HAL_RCC_GetSysClockFreq)
    i.HAL_RCC_NMI_IRQHandler                 0x080010d0   Section        0  stm32l0xx_hal_rcc.o(i.HAL_RCC_NMI_IRQHandler)
    i.HAL_RCC_OscConfig                      0x080010e8   Section        0  stm32l0xx_hal_rcc.o(i.HAL_RCC_OscConfig)
    i.HAL_SPI_Init                           0x08001504   Section        0  stm32l0xx_hal_spi.o(i.HAL_SPI_Init)
    i.HAL_SPI_MspInit                        0x08001584   Section        0  spi.o(i.HAL_SPI_MspInit)
    i.HAL_SPI_TransmitReceive                0x080015dc   Section        0  stm32l0xx_hal_spi.o(i.HAL_SPI_TransmitReceive)
    i.HAL_SYSTICK_Config                     0x080017cc   Section        0  stm32l0xx_hal_cortex.o(i.HAL_SYSTICK_Config)
    i.HAL_UARTEx_WakeupCallback              0x080017fc   Section        0  stm32l0xx_hal_uart_ex.o(i.HAL_UARTEx_WakeupCallback)
    i.HAL_UART_DMAStop                       0x080017fe   Section        0  stm32l0xx_hal_uart.o(i.HAL_UART_DMAStop)
    i.HAL_UART_ErrorCallback                 0x08001878   Section        0  stm32l0xx_hal_uart.o(i.HAL_UART_ErrorCallback)
    i.HAL_UART_IRQHandler                    0x0800187c   Section        0  stm32l0xx_hal_uart.o(i.HAL_UART_IRQHandler)
    i.HAL_UART_Init                          0x080019b8   Section        0  stm32l0xx_hal_uart.o(i.HAL_UART_Init)
    i.HAL_UART_MspInit                       0x08001a24   Section        0  usart.o(i.HAL_UART_MspInit)
    i.HAL_UART_Receive_DMA                   0x08001b20   Section        0  stm32l0xx_hal_uart.o(i.HAL_UART_Receive_DMA)
    i.HAL_UART_RxCpltCallback                0x08001bd8   Section        0  stm32l0xx_hal_uart.o(i.HAL_UART_RxCpltCallback)
    i.HAL_UART_RxHalfCpltCallback            0x08001bda   Section        0  stm32l0xx_hal_uart.o(i.HAL_UART_RxHalfCpltCallback)
    i.HAL_UART_Transmit                      0x08001bdc   Section        0  stm32l0xx_hal_uart.o(i.HAL_UART_Transmit)
    i.HAL_UART_TxCpltCallback                0x08001caa   Section        0  stm32l0xx_hal_uart.o(i.HAL_UART_TxCpltCallback)
    i.HardFault_Handler                      0x08001cac   Section        0  stm32l0xx_it.o(i.HardFault_Handler)
    i.LoRaConfig_Check                       0x08001cb0   Section        0  sx127x_driver.o(i.LoRaConfig_Check)
    i.MX_DMA_Init                            0x08001d90   Section        0  dma.o(i.MX_DMA_Init)
    i.MX_GPIO_Init                           0x08001da8   Section        0  gpio.o(i.MX_GPIO_Init)
    i.MX_SPI1_Init                           0x08001e54   Section        0  spi.o(i.MX_SPI1_Init)
    i.MX_USART1_UART_Init                    0x08001e94   Section        0  usart.o(i.MX_USART1_UART_Init)
    i.MX_USART2_UART_Init                    0x08001ecc   Section        0  usart.o(i.MX_USART2_UART_Init)
    i.NMI_Handler                            0x08001f04   Section        0  stm32l0xx_it.o(i.NMI_Handler)
    i.NVIC_SetPriority                       0x08001f0c   Section        0  stm32l0xx_hal_cortex.o(i.NVIC_SetPriority)
    NVIC_SetPriority                         0x08001f0d   Thumb Code    60  stm32l0xx_hal_cortex.o(i.NVIC_SetPriority)
    i.PendSV_Handler                         0x08001f50   Section        0  stm32l0xx_it.o(i.PendSV_Handler)
    i.SPI_EndRxTxTransaction                 0x08001f52   Section        0  stm32l0xx_hal_spi.o(i.SPI_EndRxTxTransaction)
    SPI_EndRxTxTransaction                   0x08001f53   Thumb Code    66  stm32l0xx_hal_spi.o(i.SPI_EndRxTxTransaction)
    i.SPI_WaitFlagStateUntilTimeout          0x08001f94   Section        0  stm32l0xx_hal_spi.o(i.SPI_WaitFlagStateUntilTimeout)
    SPI_WaitFlagStateUntilTimeout            0x08001f95   Thumb Code   140  stm32l0xx_hal_spi.o(i.SPI_WaitFlagStateUntilTimeout)
    i.STMFLASH_Read                          0x08002020   Section        0  stm_flash.o(i.STMFLASH_Read)
    i.STMFLASH_Write                         0x08002038   Section        0  stm_flash.o(i.STMFLASH_Write)
    i.STMFLASH_Write_NoCheck                 0x08002110   Section        0  stm_flash.o(i.STMFLASH_Write_NoCheck)
    i.SVC_Handler                            0x08002134   Section        0  stm32l0xx_it.o(i.SVC_Handler)
    i.SX127XWriteRxTx                        0x08002136   Section        0  sx127x_driver.o(i.SX127XWriteRxTx)
    i.SX127X_DIO0_GetState                   0x08002154   Section        0  sx127x_hal.o(i.SX127X_DIO0_GetState)
    i.SX127X_FreqSet                         0x08002164   Section        0  sx127x_driver.o(i.SX127X_FreqSet)
    i.SX127X_Lora_init                       0x08002204   Section        0  sx127x_driver.o(i.SX127X_Lora_init)
    i.SX127X_NSS_OUTPUT                      0x08002304   Section        0  sx127x_hal.o(i.SX127X_NSS_OUTPUT)
    i.SX127X_PoutSet                         0x08002314   Section        0  sx127x_driver.o(i.SX127X_PoutSet)
    i.SX127X_RXE_OUTPUT                      0x08002370   Section        0  sx127x_hal.o(i.SX127X_RXE_OUTPUT)
    i.SX127X_Read                            0x08002372   Section        0  sx127x_driver.o(i.SX127X_Read)
    i.SX127X_ReadBuffer                      0x0800237c   Section        0  sx127x_hal.o(i.SX127X_ReadBuffer)
    i.SX127X_ReadFifo                        0x080023ae   Section        0  sx127x_driver.o(i.SX127X_ReadFifo)
    i.SX127X_ReadWriteByte                   0x080023bc   Section        0  sx127x_hal.o(i.SX127X_ReadWriteByte)
    i.SX127X_Reset                           0x080023dc   Section        0  sx127x_driver.o(i.SX127X_Reset)
    i.SX127X_RxPacket                        0x08002408   Section        0  sx127x_driver.o(i.SX127X_RxPacket)
    i.SX127X_StandbyMode                     0x08002490   Section        0  sx127x_driver.o(i.SX127X_StandbyMode)
    i.SX127X_StartRx                         0x0800249c   Section        0  sx127x_driver.o(i.SX127X_StartRx)
    i.SX127X_TXE_OUTPUT                      0x080024f0   Section        0  sx127x_hal.o(i.SX127X_TXE_OUTPUT)
    i.SX127X_TxPacket                        0x080024f4   Section        0  sx127x_driver.o(i.SX127X_TxPacket)
    i.SX127X_Write                           0x08002558   Section        0  sx127x_driver.o(i.SX127X_Write)
    i.SX127X_WriteBuffer                     0x08002564   Section        0  sx127x_hal.o(i.SX127X_WriteBuffer)
    i.SysTick_Handler                        0x08002598   Section        0  stm32l0xx_it.o(i.SysTick_Handler)
    i.SystemClock_Config                     0x080025cc   Section        0  main.o(i.SystemClock_Config)
    i.SystemInit                             0x08002648   Section        0  system_stm32l0xx.o(i.SystemInit)
    i.UART_AdvFeatureConfig                  0x0800269c   Section        0  stm32l0xx_hal_uart.o(i.UART_AdvFeatureConfig)
    i.UART_CheckIdleState                    0x08002768   Section        0  stm32l0xx_hal_uart.o(i.UART_CheckIdleState)
    i.UART_DMAAbortOnError                   0x080027c8   Section        0  stm32l0xx_hal_uart.o(i.UART_DMAAbortOnError)
    UART_DMAAbortOnError                     0x080027c9   Thumb Code    20  stm32l0xx_hal_uart.o(i.UART_DMAAbortOnError)
    i.UART_DMAError                          0x080027dc   Section        0  stm32l0xx_hal_uart.o(i.UART_DMAError)
    UART_DMAError                            0x080027dd   Thumb Code    72  stm32l0xx_hal_uart.o(i.UART_DMAError)
    i.UART_DMAReceiveCplt                    0x08002824   Section        0  stm32l0xx_hal_uart.o(i.UART_DMAReceiveCplt)
    UART_DMAReceiveCplt                      0x08002825   Thumb Code    62  stm32l0xx_hal_uart.o(i.UART_DMAReceiveCplt)
    i.UART_DMARxHalfCplt                     0x08002862   Section        0  stm32l0xx_hal_uart.o(i.UART_DMARxHalfCplt)
    UART_DMARxHalfCplt                       0x08002863   Thumb Code    10  stm32l0xx_hal_uart.o(i.UART_DMARxHalfCplt)
    i.UART_EndRxTransfer                     0x0800286c   Section        0  stm32l0xx_hal_uart.o(i.UART_EndRxTransfer)
    UART_EndRxTransfer                       0x0800286d   Thumb Code    32  stm32l0xx_hal_uart.o(i.UART_EndRxTransfer)
    i.UART_EndTxTransfer                     0x0800288c   Section        0  stm32l0xx_hal_uart.o(i.UART_EndTxTransfer)
    UART_EndTxTransfer                       0x0800288d   Thumb Code    16  stm32l0xx_hal_uart.o(i.UART_EndTxTransfer)
    i.UART_SetConfig                         0x0800289c   Section        0  stm32l0xx_hal_uart.o(i.UART_SetConfig)
    i.UART_WaitOnFlagUntilTimeout            0x08002ac4   Section        0  stm32l0xx_hal_uart.o(i.UART_WaitOnFlagUntilTimeout)
    i.USART2_IRQHandler                      0x08002b28   Section        0  ether_hal.o(i.USART2_IRQHandler)
    i.__0printf$8                            0x08002b3c   Section        0  printf8.o(i.__0printf$8)
    i.__0sprintf$8                           0x08002b5c   Section        0  printf8.o(i.__0sprintf$8)
    i.__ARM_clz                              0x08002b84   Section        0  depilogue.o(i.__ARM_clz)
    i.__ARM_common_switch8                   0x08002bb2   Section        0  main_app.o(i.__ARM_common_switch8)
    i.__scatterload_copy                     0x08002bcc   Section       14  handlers.o(i.__scatterload_copy)
    i.__scatterload_null                     0x08002bda   Section        2  handlers.o(i.__scatterload_null)
    i.__scatterload_zeroinit                 0x08002bdc   Section       14  handlers.o(i.__scatterload_zeroinit)
    i._printf_core                           0x08002bec   Section        0  printf8.o(i._printf_core)
    _printf_core                             0x08002bed   Thumb Code  1020  printf8.o(i._printf_core)
    i._printf_post_padding                   0x08003014   Section        0  printf8.o(i._printf_post_padding)
    _printf_post_padding                     0x08003015   Thumb Code    32  printf8.o(i._printf_post_padding)
    i._printf_pre_padding                    0x08003034   Section        0  printf8.o(i._printf_pre_padding)
    _printf_pre_padding                      0x08003035   Thumb Code    44  printf8.o(i._printf_pre_padding)
    i._sputc                                 0x08003060   Section        0  printf8.o(i._sputc)
    _sputc                                   0x08003061   Thumb Code    10  printf8.o(i._sputc)
    i.app_lora_config_init                   0x0800306c   Section        0  main_app.o(i.app_lora_config_init)
    i.atk_eth_send_cmd                       0x080030ec   Section        0  ether_hal.o(i.atk_eth_send_cmd)
    i.check_factory_parameter                0x080031ac   Section        0  main_app.o(i.check_factory_parameter)
    i.chuchang_check                         0x080031f8   Section        0  main.o(i.chuchang_check)
    i.data_decrypt                           0x0800331c   Section        0  sm4_app.o(i.data_decrypt)
    i.data_encrypt                           0x08003332   Section        0  sm4_app.o(i.data_encrypt)
    i.eth_at_open                            0x08003348   Section        0  ether_hal.o(i.eth_at_open)
    i.eth_init                               0x08003388   Section        0  ether_hal.o(i.eth_init)
    i.eth_send_string                        0x080036d4   Section        0  ether_hal.o(i.eth_send_string)
    i.fputc                                  0x080036e8   Section        0  debug_usart_hal.o(i.fputc)
    i.lora_process                           0x08003704   Section        0  main_app.o(i.lora_process)
    i.lora_send_data                         0x080038f0   Section        0  main_app.o(i.lora_send_data)
    i.main                                   0x08003924   Section        0  main.o(i.main)
    i.send_byte_to_eth                       0x08003988   Section        0  ether_hal.o(i.send_byte_to_eth)
    i.send_string_to_eth                     0x080039a0   Section        0  ether_hal.o(i.send_string_to_eth)
    i.u32_ip_to_u8_ip                        0x080039b8   Section        0  main.o(i.u32_ip_to_u8_ip)
    i.u8_ip_to_u32_ip                        0x080039e0   Section        0  main.o(i.u8_ip_to_u32_ip)
    i.u8_ip_to_u32_ip_more                   0x080039f8   Section        0  main.o(i.u8_ip_to_u32_ip_more)
    i.wifi_connect_pin_pack                  0x08003a10   Section        0  main_app.o(i.wifi_connect_pin_pack)
    i.wifi_process                           0x08003a6c   Section        0  main_app.o(i.wifi_process)
    .constdata                               0x080043cc   Section       25  system_stm32l0xx.o(.constdata)
    .constdata                               0x080043e5   Section        8  system_stm32l0xx.o(.constdata)
    .data                                    0x20000000   Section       66  main_app.o(.data)
    wifi_comum                               0x20000001   Data           1  main_app.o(.data)
    .data                                    0x20000044   Section        4  main_app.o(.data)
    .data                                    0x20000048   Section       24  main.o(.data)
    .data                                    0x20000060   Section        4  main.o(.data)
    .data                                    0x20000064   Section        4  stm32l0xx_hal.o(.data)
    .data                                    0x20000068   Section        4  system_stm32l0xx.o(.data)
    .data                                    0x2000006c   Section       20  sx127x_driver.o(.data)
    .data                                    0x20000080   Section      122  ether_hal.o(.data)
    comumtate                                0x20000080   Data           1  ether_hal.o(.data)
    wifi_state_num                           0x20000081   Data           1  ether_hal.o(.data)
    eth_wait_tim_sta                         0x20000084   Data           4  ether_hal.o(.data)
    eth_wait_tim_end                         0x20000088   Data           4  ether_hal.o(.data)
    .data                                    0x200000fc   Section        4  stdout.o(.data)
    .bss                                     0x20000100   Section      130  main_app.o(.bss)
    .bss                                     0x20000184   Section       88  spi.o(.bss)
    .bss                                     0x200001dc   Section      328  usart.o(.bss)
    .bss                                     0x20000324   Section       24  stm32l0xx_hal_flash.o(.bss)
    .bss                                     0x2000033c   Section       16  sx127x_driver.o(.bss)
    .bss                                     0x2000034c   Section      158  ether_hal.o(.bss)
    .bss                                     0x200003ec   Section     1036  stm_flash.o(.bss)
    STMFLASH_BUF                             0x200003ec   Data        1024  stm_flash.o(.bss)
    EraseInitStruct                          0x200007ec   Data          12  stm_flash.o(.bss)
    STACK                                    0x20000800   Section     4096  startup_stm32l051xx.o(STACK)

    Global Symbols

    Symbol Name                              Value     Ov Type        Size  Object(Section)

    BuildAttributes$$THM_ISAv3M$S$PE$A:L22$X:L11$S22$IEEE1$IW$USESV6$~STKCKD$USESV7$~SHL$OTIME$ROPI$EBA8$MICROLIB$REQ8$PRES8$EABIv2 0x00000000   Number         0  anon$$obj.o ABSOLUTE
    __ARM_use_no_argv                        0x00000000   Number         0  main.o ABSOLUTE
    _printf_a                                0x00000000   Number         0  stubs.o ABSOLUTE
    _printf_c                                0x00000000   Number         0  stubs.o ABSOLUTE
    _printf_charcount                        0x00000000   Number         0  stubs.o ABSOLUTE
    _printf_d                                0x00000000   Number         0  stubs.o ABSOLUTE
    _printf_e                                0x00000000   Number         0  stubs.o ABSOLUTE
    _printf_f                                0x00000000   Number         0  stubs.o ABSOLUTE
    _printf_flags                            0x00000000   Number         0  stubs.o ABSOLUTE
    _printf_fp_dec                           0x00000000   Number         0  stubs.o ABSOLUTE
    _printf_fp_hex                           0x00000000   Number         0  stubs.o ABSOLUTE
    _printf_g                                0x00000000   Number         0  stubs.o ABSOLUTE
    _printf_i                                0x00000000   Number         0  stubs.o ABSOLUTE
    _printf_int_dec                          0x00000000   Number         0  stubs.o ABSOLUTE
    _printf_l                                0x00000000   Number         0  stubs.o ABSOLUTE
    _printf_lc                               0x00000000   Number         0  stubs.o ABSOLUTE
    _printf_ll                               0x00000000   Number         0  stubs.o ABSOLUTE
    _printf_lld                              0x00000000   Number         0  stubs.o ABSOLUTE
    _printf_lli                              0x00000000   Number         0  stubs.o ABSOLUTE
    _printf_llo                              0x00000000   Number         0  stubs.o ABSOLUTE
    _printf_llu                              0x00000000   Number         0  stubs.o ABSOLUTE
    _printf_llx                              0x00000000   Number         0  stubs.o ABSOLUTE
    _printf_longlong_dec                     0x00000000   Number         0  stubs.o ABSOLUTE
    _printf_longlong_hex                     0x00000000   Number         0  stubs.o ABSOLUTE
    _printf_longlong_oct                     0x00000000   Number         0  stubs.o ABSOLUTE
    _printf_ls                               0x00000000   Number         0  stubs.o ABSOLUTE
    _printf_mbtowc                           0x00000000   Number         0  stubs.o ABSOLUTE
    _printf_n                                0x00000000   Number         0  stubs.o ABSOLUTE
    _printf_o                                0x00000000   Number         0  stubs.o ABSOLUTE
    _printf_p                                0x00000000   Number         0  stubs.o ABSOLUTE
    _printf_percent                          0x00000000   Number         0  stubs.o ABSOLUTE
    _printf_pre_padding                      0x00000000   Number         0  stubs.o ABSOLUTE
    _printf_return_value                     0x00000000   Number         0  stubs.o ABSOLUTE
    _printf_s                                0x00000000   Number         0  stubs.o ABSOLUTE
    _printf_sizespec                         0x00000000   Number         0  stubs.o ABSOLUTE
    _printf_str                              0x00000000   Number         0  stubs.o ABSOLUTE
    _printf_truncate_signed                  0x00000000   Number         0  stubs.o ABSOLUTE
    _printf_truncate_unsigned                0x00000000   Number         0  stubs.o ABSOLUTE
    _printf_u                                0x00000000   Number         0  stubs.o ABSOLUTE
    _printf_wc                               0x00000000   Number         0  stubs.o ABSOLUTE
    _printf_wctomb                           0x00000000   Number         0  stubs.o ABSOLUTE
    _printf_widthprec                        0x00000000   Number         0  stubs.o ABSOLUTE
    _printf_x                                0x00000000   Number         0  stubs.o ABSOLUTE
    __cpp_initialize__aeabi_                  - Undefined Weak Reference
    __cxa_finalize                            - Undefined Weak Reference
    __decompress                              - Undefined Weak Reference
    _clock_init                               - Undefined Weak Reference
    _microlib_exit                            - Undefined Weak Reference
    __Vectors_Size                           0x000000c0   Number         0  startup_stm32l051xx.o ABSOLUTE
    __Vectors                                0x08000000   Data           4  startup_stm32l051xx.o(RESET)
    __Vectors_End                            0x080000c0   Data           0  startup_stm32l051xx.o(RESET)
    __main                                   0x080000c1   Thumb Code     0  entry.o(.ARM.Collect$$$$00000000)
    _main_stk                                0x080000c1   Thumb Code     0  entry2.o(.ARM.Collect$$$$00000001)
    _main_scatterload                        0x080000c5   Thumb Code     0  entry5.o(.ARM.Collect$$$$00000004)
    __main_after_scatterload                 0x080000c9   Thumb Code     0  entry5.o(.ARM.Collect$$$$00000004)
    _main_clock                              0x080000c9   Thumb Code     0  entry7b.o(.ARM.Collect$$$$00000008)
    _main_cpp_init                           0x080000c9   Thumb Code     0  entry8b.o(.ARM.Collect$$$$0000000A)
    _main_init                               0x080000c9   Thumb Code     0  entry9a.o(.ARM.Collect$$$$0000000B)
    __rt_final_cpp                           0x080000d1   Thumb Code     0  entry10a.o(.ARM.Collect$$$$0000000D)
    __rt_final_exit                          0x080000d1   Thumb Code     0  entry11a.o(.ARM.Collect$$$$0000000F)
    Reset_Handler                            0x080000d5   Thumb Code     8  startup_stm32l051xx.o(.text)
    ADC1_COMP_IRQHandler                     0x080000e7   Thumb Code     0  startup_stm32l051xx.o(.text)
    DMA1_Channel1_IRQHandler                 0x080000e7   Thumb Code     0  startup_stm32l051xx.o(.text)
    DMA1_Channel2_3_IRQHandler               0x080000e7   Thumb Code     0  startup_stm32l051xx.o(.text)
    EXTI0_1_IRQHandler                       0x080000e7   Thumb Code     0  startup_stm32l051xx.o(.text)
    EXTI2_3_IRQHandler                       0x080000e7   Thumb Code     0  startup_stm32l051xx.o(.text)
    EXTI4_15_IRQHandler                      0x080000e7   Thumb Code     0  startup_stm32l051xx.o(.text)
    FLASH_IRQHandler                         0x080000e7   Thumb Code     0  startup_stm32l051xx.o(.text)
    I2C1_IRQHandler                          0x080000e7   Thumb Code     0  startup_stm32l051xx.o(.text)
    I2C2_IRQHandler                          0x080000e7   Thumb Code     0  startup_stm32l051xx.o(.text)
    LPTIM1_IRQHandler                        0x080000e7   Thumb Code     0  startup_stm32l051xx.o(.text)
    LPUART1_IRQHandler                       0x080000e7   Thumb Code     0  startup_stm32l051xx.o(.text)
    PVD_IRQHandler                           0x080000e7   Thumb Code     0  startup_stm32l051xx.o(.text)
    RCC_IRQHandler                           0x080000e7   Thumb Code     0  startup_stm32l051xx.o(.text)
    RTC_IRQHandler                           0x080000e7   Thumb Code     0  startup_stm32l051xx.o(.text)
    SPI1_IRQHandler                          0x080000e7   Thumb Code     0  startup_stm32l051xx.o(.text)
    SPI2_IRQHandler                          0x080000e7   Thumb Code     0  startup_stm32l051xx.o(.text)
    TIM21_IRQHandler                         0x080000e7   Thumb Code     0  startup_stm32l051xx.o(.text)
    TIM22_IRQHandler                         0x080000e7   Thumb Code     0  startup_stm32l051xx.o(.text)
    TIM2_IRQHandler                          0x080000e7   Thumb Code     0  startup_stm32l051xx.o(.text)
    TIM6_IRQHandler                          0x080000e7   Thumb Code     0  startup_stm32l051xx.o(.text)
    USART1_IRQHandler                        0x080000e7   Thumb Code     0  startup_stm32l051xx.o(.text)
    WWDG_IRQHandler                          0x080000e7   Thumb Code     0  startup_stm32l051xx.o(.text)
    __aeabi_uidiv                            0x080000f1   Thumb Code     0  uidiv.o(.text)
    __aeabi_uidivmod                         0x080000f1   Thumb Code    44  uidiv.o(.text)
    __aeabi_uldivmod                         0x0800011d   Thumb Code    96  uldiv.o(.text)
    __aeabi_memset                           0x0800017d   Thumb Code    14  memseta.o(.text)
    __aeabi_memset4                          0x0800017d   Thumb Code     0  memseta.o(.text)
    __aeabi_memset8                          0x0800017d   Thumb Code     0  memseta.o(.text)
    __aeabi_memclr                           0x0800018b   Thumb Code     4  memseta.o(.text)
    __aeabi_memclr4                          0x0800018b   Thumb Code     0  memseta.o(.text)
    __aeabi_memclr8                          0x0800018b   Thumb Code     0  memseta.o(.text)
    _memset$wrapper                          0x0800018f   Thumb Code    18  memseta.o(.text)
    strstr                                   0x080001a1   Thumb Code    40  strstr.o(.text)
    __aeabi_fdiv                             0x080001c9   Thumb Code   124  fdiv.o(.text)
    __aeabi_ddiv                             0x08000245   Thumb Code   234  ddiv.o(.text)
    __aeabi_i2f                              0x08000335   Thumb Code    22  fflti.o(.text)
    __aeabi_ui2d                             0x0800034d   Thumb Code    24  dfltui.o(.text)
    __aeabi_d2uiz                            0x08000369   Thumb Code    50  dfixui.o(.text)
    __aeabi_llsl                             0x080003a5   Thumb Code    32  llshl.o(.text)
    _ll_shift_l                              0x080003a5   Thumb Code     0  llshl.o(.text)
    __aeabi_llsr                             0x080003c5   Thumb Code    34  llushr.o(.text)
    _ll_ushift_r                             0x080003c5   Thumb Code     0  llushr.o(.text)
    __I$use$fp                               0x080003e7   Thumb Code     0  iusefp.o(.text)
    _float_round                             0x080003e7   Thumb Code    16  fepilogue.o(.text)
    _float_epilogue                          0x080003f7   Thumb Code   114  fepilogue.o(.text)
    _double_round                            0x08000469   Thumb Code    26  depilogue.o(.text)
    _double_epilogue                         0x08000483   Thumb Code   164  depilogue.o(.text)
    __scatterload                            0x08000529   Thumb Code    28  init.o(.text)
    __scatterload_rt2                        0x08000529   Thumb Code     0  init.o(.text)
    DIO0_GetState                            0x0800054d   Thumb Code     8  sx127x_driver.o(i.DIO0_GetState)
    DMA1_Channel4_5_6_7_IRQHandler           0x08000555   Thumb Code    10  stm32l0xx_it.o(i.DMA1_Channel4_5_6_7_IRQHandler)
    ETH_DMA_START                            0x08000591   Thumb Code    14  ether_hal.o(i.ETH_DMA_START)
    ETH_Rst                                  0x080005a5   Thumb Code    72  ether_hal.o(i.ETH_Rst)
    ETH_UsartReceive_IDLE                    0x080005f1   Thumb Code    56  ether_hal.o(i.ETH_UsartReceive_IDLE)
    Error_Handler                            0x08000631   Thumb Code     2  main.o(i.Error_Handler)
    FLASH_PageErase                          0x08000635   Thumb Code    34  stm32l0xx_hal_flash_ex.o(i.FLASH_PageErase)
    FLASH_WaitForLastOperation               0x080006f1   Thumb Code   106  stm32l0xx_hal_flash.o(i.FLASH_WaitForLastOperation)
    HAL_DMA_Abort                            0x08000761   Thumb Code    68  stm32l0xx_hal_dma.o(i.HAL_DMA_Abort)
    HAL_DMA_Abort_IT                         0x080007a5   Thumb Code    76  stm32l0xx_hal_dma.o(i.HAL_DMA_Abort_IT)
    HAL_DMA_GetError                         0x080007f1   Thumb Code     4  stm32l0xx_hal_dma.o(i.HAL_DMA_GetError)
    HAL_DMA_IRQHandler                       0x080007f5   Thumb Code   168  stm32l0xx_hal_dma.o(i.HAL_DMA_IRQHandler)
    HAL_DMA_Init                             0x0800089d   Thumb Code   132  stm32l0xx_hal_dma.o(i.HAL_DMA_Init)
    HAL_DMA_Start_IT                         0x0800092d   Thumb Code   104  stm32l0xx_hal_dma.o(i.HAL_DMA_Start_IT)
    HAL_Delay                                0x08000995   Thumb Code    28  stm32l0xx_hal.o(i.HAL_Delay)
    HAL_FLASHEx_Erase                        0x080009b1   Thumb Code   106  stm32l0xx_hal_flash_ex.o(i.HAL_FLASHEx_Erase)
    HAL_FLASH_Lock                           0x08000a29   Thumb Code    22  stm32l0xx_hal_flash.o(i.HAL_FLASH_Lock)
    HAL_FLASH_Program                        0x08000a45   Thumb Code    50  stm32l0xx_hal_flash.o(i.HAL_FLASH_Program)
    HAL_FLASH_Unlock                         0x08000a81   Thumb Code    70  stm32l0xx_hal_flash.o(i.HAL_FLASH_Unlock)
    HAL_GPIO_Init                            0x08000add   Thumb Code   346  stm32l0xx_hal_gpio.o(i.HAL_GPIO_Init)
    HAL_GPIO_ReadPin                         0x08000c55   Thumb Code    10  stm32l0xx_hal_gpio.o(i.HAL_GPIO_ReadPin)
    HAL_GPIO_WritePin                        0x08000c5f   Thumb Code    12  stm32l0xx_hal_gpio.o(i.HAL_GPIO_WritePin)
    HAL_GetTick                              0x08000c6d   Thumb Code     6  stm32l0xx_hal.o(i.HAL_GetTick)
    HAL_IncTick                              0x08000c79   Thumb Code    10  stm32l0xx_hal.o(i.HAL_IncTick)
    HAL_Init                                 0x08000c89   Thumb Code    36  stm32l0xx_hal.o(i.HAL_Init)
    HAL_InitTick                             0x08000cb1   Thumb Code    44  stm32l0xx_hal.o(i.HAL_InitTick)
    HAL_MspInit                              0x08000ce1   Thumb Code    20  stm32l0xx_hal_msp.o(i.HAL_MspInit)
    HAL_NVIC_EnableIRQ                       0x08000cf9   Thumb Code    14  stm32l0xx_hal_cortex.o(i.HAL_NVIC_EnableIRQ)
    HAL_NVIC_SetPriority                     0x08000d0d   Thumb Code     8  stm32l0xx_hal_cortex.o(i.HAL_NVIC_SetPriority)
    HAL_NVIC_SystemReset                     0x08000d15   Thumb Code    18  stm32l0xx_hal_cortex.o(i.HAL_NVIC_SystemReset)
    HAL_RCCEx_PeriphCLKConfig                0x08000d31   Thumb Code   342  stm32l0xx_hal_rcc_ex.o(i.HAL_RCCEx_PeriphCLKConfig)
    HAL_RCC_CSSCallback                      0x08000e95   Thumb Code     2  stm32l0xx_hal_rcc.o(i.HAL_RCC_CSSCallback)
    HAL_RCC_ClockConfig                      0x08000e99   Thumb Code   344  stm32l0xx_hal_rcc.o(i.HAL_RCC_ClockConfig)
    HAL_RCC_EnableCSS                        0x08001005   Thumb Code    14  stm32l0xx_hal_rcc.o(i.HAL_RCC_EnableCSS)
    HAL_RCC_GetPCLK1Freq                     0x08001019   Thumb Code    20  stm32l0xx_hal_rcc.o(i.HAL_RCC_GetPCLK1Freq)
    HAL_RCC_GetPCLK2Freq                     0x08001039   Thumb Code    20  stm32l0xx_hal_rcc.o(i.HAL_RCC_GetPCLK2Freq)
    HAL_RCC_GetSysClockFreq                  0x08001059   Thumb Code   100  stm32l0xx_hal_rcc.o(i.HAL_RCC_GetSysClockFreq)
    HAL_RCC_NMI_IRQHandler                   0x080010d1   Thumb Code    20  stm32l0xx_hal_rcc.o(i.HAL_RCC_NMI_IRQHandler)
    HAL_RCC_OscConfig                        0x080010e9   Thumb Code  1052  stm32l0xx_hal_rcc.o(i.HAL_RCC_OscConfig)
    HAL_SPI_Init                             0x08001505   Thumb Code   128  stm32l0xx_hal_spi.o(i.HAL_SPI_Init)
    HAL_SPI_MspInit                          0x08001585   Thumb Code    78  spi.o(i.HAL_SPI_MspInit)
    HAL_SPI_TransmitReceive                  0x080015dd   Thumb Code   496  stm32l0xx_hal_spi.o(i.HAL_SPI_TransmitReceive)
    HAL_SYSTICK_Config                       0x080017cd   Thumb Code    38  stm32l0xx_hal_cortex.o(i.HAL_SYSTICK_Config)
    HAL_UARTEx_WakeupCallback                0x080017fd   Thumb Code     2  stm32l0xx_hal_uart_ex.o(i.HAL_UARTEx_WakeupCallback)
    HAL_UART_DMAStop                         0x080017ff   Thumb Code   122  stm32l0xx_hal_uart.o(i.HAL_UART_DMAStop)
    HAL_UART_ErrorCallback                   0x08001879   Thumb Code     2  stm32l0xx_hal_uart.o(i.HAL_UART_ErrorCallback)
    HAL_UART_IRQHandler                      0x0800187d   Thumb Code   310  stm32l0xx_hal_uart.o(i.HAL_UART_IRQHandler)
    HAL_UART_Init                            0x080019b9   Thumb Code   106  stm32l0xx_hal_uart.o(i.HAL_UART_Init)
    HAL_UART_MspInit                         0x08001a25   Thumb Code   230  usart.o(i.HAL_UART_MspInit)
    HAL_UART_Receive_DMA                     0x08001b21   Thumb Code   170  stm32l0xx_hal_uart.o(i.HAL_UART_Receive_DMA)
    HAL_UART_RxCpltCallback                  0x08001bd9   Thumb Code     2  stm32l0xx_hal_uart.o(i.HAL_UART_RxCpltCallback)
    HAL_UART_RxHalfCpltCallback              0x08001bdb   Thumb Code     2  stm32l0xx_hal_uart.o(i.HAL_UART_RxHalfCpltCallback)
    HAL_UART_Transmit                        0x08001bdd   Thumb Code   206  stm32l0xx_hal_uart.o(i.HAL_UART_Transmit)
    HAL_UART_TxCpltCallback                  0x08001cab   Thumb Code     2  stm32l0xx_hal_uart.o(i.HAL_UART_TxCpltCallback)
    HardFault_Handler                        0x08001cad   Thumb Code     2  stm32l0xx_it.o(i.HardFault_Handler)
    LoRaConfig_Check                         0x08001cb1   Thumb Code   168  sx127x_driver.o(i.LoRaConfig_Check)
    MX_DMA_Init                              0x08001d91   Thumb Code    20  dma.o(i.MX_DMA_Init)
    MX_GPIO_Init                             0x08001da9   Thumb Code   154  gpio.o(i.MX_GPIO_Init)
    MX_SPI1_Init                             0x08001e55   Thumb Code    56  spi.o(i.MX_SPI1_Init)
    MX_USART1_UART_Init                      0x08001e95   Thumb Code    48  usart.o(i.MX_USART1_UART_Init)
    MX_USART2_UART_Init                      0x08001ecd   Thumb Code    48  usart.o(i.MX_USART2_UART_Init)
    NMI_Handler                              0x08001f05   Thumb Code     8  stm32l0xx_it.o(i.NMI_Handler)
    PendSV_Handler                           0x08001f51   Thumb Code     2  stm32l0xx_it.o(i.PendSV_Handler)
    STMFLASH_Read                            0x08002021   Thumb Code    22  stm_flash.o(i.STMFLASH_Read)
    STMFLASH_Write                           0x08002039   Thumb Code   206  stm_flash.o(i.STMFLASH_Write)
    STMFLASH_Write_NoCheck                   0x08002111   Thumb Code    36  stm_flash.o(i.STMFLASH_Write_NoCheck)
    SVC_Handler                              0x08002135   Thumb Code     2  stm32l0xx_it.o(i.SVC_Handler)
    SX127XWriteRxTx                          0x08002137   Thumb Code    30  sx127x_driver.o(i.SX127XWriteRxTx)
    SX127X_DIO0_GetState                     0x08002155   Thumb Code    12  sx127x_hal.o(i.SX127X_DIO0_GetState)
    SX127X_FreqSet                           0x08002165   Thumb Code   142  sx127x_driver.o(i.SX127X_FreqSet)
    SX127X_Lora_init                         0x08002205   Thumb Code   252  sx127x_driver.o(i.SX127X_Lora_init)
    SX127X_NSS_OUTPUT                        0x08002305   Thumb Code    16  sx127x_hal.o(i.SX127X_NSS_OUTPUT)
    SX127X_PoutSet                           0x08002315   Thumb Code    88  sx127x_driver.o(i.SX127X_PoutSet)
    SX127X_RXE_OUTPUT                        0x08002371   Thumb Code     2  sx127x_hal.o(i.SX127X_RXE_OUTPUT)
    SX127X_Read                              0x08002373   Thumb Code    10  sx127x_driver.o(i.SX127X_Read)
    SX127X_ReadBuffer                        0x0800237d   Thumb Code    50  sx127x_hal.o(i.SX127X_ReadBuffer)
    SX127X_ReadFifo                          0x080023af   Thumb Code    14  sx127x_driver.o(i.SX127X_ReadFifo)
    SX127X_ReadWriteByte                     0x080023bd   Thumb Code    28  sx127x_hal.o(i.SX127X_ReadWriteByte)
    SX127X_Reset                             0x080023dd   Thumb Code    38  sx127x_driver.o(i.SX127X_Reset)
    SX127X_RxPacket                          0x08002409   Thumb Code   128  sx127x_driver.o(i.SX127X_RxPacket)
    SX127X_StandbyMode                       0x08002491   Thumb Code    12  sx127x_driver.o(i.SX127X_StandbyMode)
    SX127X_StartRx                           0x0800249d   Thumb Code    78  sx127x_driver.o(i.SX127X_StartRx)
    SX127X_TXE_OUTPUT                        0x080024f1   Thumb Code     2  sx127x_hal.o(i.SX127X_TXE_OUTPUT)
    SX127X_TxPacket                          0x080024f5   Thumb Code    96  sx127x_driver.o(i.SX127X_TxPacket)
    SX127X_Write                             0x08002559   Thumb Code    12  sx127x_driver.o(i.SX127X_Write)
    SX127X_WriteBuffer                       0x08002565   Thumb Code    50  sx127x_hal.o(i.SX127X_WriteBuffer)
    SysTick_Handler                          0x08002599   Thumb Code    38  stm32l0xx_it.o(i.SysTick_Handler)
    SystemClock_Config                       0x080025cd   Thumb Code   118  main.o(i.SystemClock_Config)
    SystemInit                               0x08002649   Thumb Code    66  system_stm32l0xx.o(i.SystemInit)
    UART_AdvFeatureConfig                    0x0800269d   Thumb Code   202  stm32l0xx_hal_uart.o(i.UART_AdvFeatureConfig)
    UART_CheckIdleState                      0x08002769   Thumb Code    90  stm32l0xx_hal_uart.o(i.UART_CheckIdleState)
    UART_SetConfig                           0x0800289d   Thumb Code   506  stm32l0xx_hal_uart.o(i.UART_SetConfig)
    UART_WaitOnFlagUntilTimeout              0x08002ac5   Thumb Code    98  stm32l0xx_hal_uart.o(i.UART_WaitOnFlagUntilTimeout)
    USART2_IRQHandler                        0x08002b29   Thumb Code    14  ether_hal.o(i.USART2_IRQHandler)
    __0printf$8                              0x08002b3d   Thumb Code    24  printf8.o(i.__0printf$8)
    __1printf$8                              0x08002b3d   Thumb Code     0  printf8.o(i.__0printf$8)
    __2printf                                0x08002b3d   Thumb Code     0  printf8.o(i.__0printf$8)
    __0sprintf$8                             0x08002b5d   Thumb Code    36  printf8.o(i.__0sprintf$8)
    __1sprintf$8                             0x08002b5d   Thumb Code     0  printf8.o(i.__0sprintf$8)
    __2sprintf                               0x08002b5d   Thumb Code     0  printf8.o(i.__0sprintf$8)
    __ARM_clz                                0x08002b85   Thumb Code    46  depilogue.o(i.__ARM_clz)
    __ARM_common_switch8                     0x08002bb3   Thumb Code    26  main_app.o(i.__ARM_common_switch8)
    __scatterload_copy                       0x08002bcd   Thumb Code    14  handlers.o(i.__scatterload_copy)
    __scatterload_null                       0x08002bdb   Thumb Code     2  handlers.o(i.__scatterload_null)
    __scatterload_zeroinit                   0x08002bdd   Thumb Code    14  handlers.o(i.__scatterload_zeroinit)
    app_lora_config_init                     0x0800306d   Thumb Code    86  main_app.o(i.app_lora_config_init)
    atk_eth_send_cmd                         0x080030ed   Thumb Code   146  ether_hal.o(i.atk_eth_send_cmd)
    check_factory_parameter                  0x080031ad   Thumb Code    38  main_app.o(i.check_factory_parameter)
    chuchang_check                           0x080031f9   Thumb Code   182  main.o(i.chuchang_check)
    data_decrypt                             0x0800331d   Thumb Code    22  sm4_app.o(i.data_decrypt)
    data_encrypt                             0x08003333   Thumb Code    22  sm4_app.o(i.data_encrypt)
    eth_at_open                              0x08003349   Thumb Code    58  ether_hal.o(i.eth_at_open)
    eth_init                                 0x08003389   Thumb Code   382  ether_hal.o(i.eth_init)
    eth_send_string                          0x080036d5   Thumb Code    20  ether_hal.o(i.eth_send_string)
    fputc                                    0x080036e9   Thumb Code    18  debug_usart_hal.o(i.fputc)
    lora_process                             0x08003705   Thumb Code   330  main_app.o(i.lora_process)
    lora_send_data                           0x080038f1   Thumb Code    38  main_app.o(i.lora_send_data)
    main                                     0x08003925   Thumb Code    98  main.o(i.main)
    send_byte_to_eth                         0x08003989   Thumb Code    16  ether_hal.o(i.send_byte_to_eth)
    send_string_to_eth                       0x080039a1   Thumb Code    16  ether_hal.o(i.send_string_to_eth)
    u32_ip_to_u8_ip                          0x080039b9   Thumb Code    38  main.o(i.u32_ip_to_u8_ip)
    u8_ip_to_u32_ip                          0x080039e1   Thumb Code    16  main.o(i.u8_ip_to_u32_ip)
    u8_ip_to_u32_ip_more                     0x080039f9   Thumb Code    22  main.o(i.u8_ip_to_u32_ip_more)
    wifi_connect_pin_pack                    0x08003a11   Thumb Code    86  main_app.o(i.wifi_connect_pin_pack)
    wifi_process                             0x08003a6d   Thumb Code  2278  main_app.o(i.wifi_process)
    AHBPrescTable                            0x080043cc   Data          16  system_stm32l0xx.o(.constdata)
    PLLMulTable                              0x080043dc   Data           9  system_stm32l0xx.o(.constdata)
    APBPrescTable                            0x080043e5   Data           8  system_stm32l0xx.o(.constdata)
    Region$$Table$$Base                      0x080043f0   Number         0  anon$$obj.o(Region$$Table)
    Region$$Table$$Limit                     0x08004410   Number         0  anon$$obj.o(Region$$Table)
    data_wifi_pa                             0x20000000   Data           1  main_app.o(.data)
    communication_states                     0x20000002   Data           1  main_app.o(.data)
    factory_parameter_flag                   0x20000004   Data           4  main_app.o(.data)
    dev_num                                  0x20000008   Data           4  main_app.o(.data)
    xintiao_flag                             0x2000000c   Data           4  main_app.o(.data)
    Fre                                      0x20000010   Data          20  main_app.o(.data)
    product_key                              0x20000024   Data          30  main_app.o(.data)
    xintiao_count                            0x20000044   Data           4  main_app.o(.data)
    chuchang_flag                            0x20000048   Data           4  main.o(.data)
    u32_local_eth_ip                         0x2000004c   Data           4  main.o(.data)
    u32_Remote_eth_ip                        0x20000050   Data           4  main.o(.data)
    u32_Remote_eth_port                      0x20000054   Data           4  main.o(.data)
    u32_product_key                          0x20000058   Data           8  main.o(.data)
    u32_dev_num                              0x20000060   Data           4  main.o(.data)
    uwTick                                   0x20000064   Data           4  stm32l0xx_hal.o(.data)
    SystemCoreClock                          0x20000068   Data           4  system_stm32l0xx.o(.data)
    G_BandWidthKHz                           0x2000006c   Data           4  sx127x_driver.o(.data)
    G_TsXms                                  0x20000070   Data           4  sx127x_driver.o(.data)
    G_LoRaConfig                             0x20000074   Data          12  sx127x_driver.o(.data)
    local_eth_ip                             0x2000008c   Data          40  ether_hal.o(.data)
    Remote_eth_ip                            0x200000b4   Data          40  ether_hal.o(.data)
    Remote_eth_port                          0x200000dc   Data          30  ether_hal.o(.data)
    __stdout                                 0x200000fc   Data           4  stdout.o(.data)
    TXbuffer                                 0x20000100   Data          50  main_app.o(.bss)
    RXbuffer                                 0x20000132   Data          50  main_app.o(.bss)
    wifiTXbuffer                             0x20000164   Data          30  main_app.o(.bss)
    hspi1                                    0x20000184   Data          88  spi.o(.bss)
    huart1                                   0x200001dc   Data         128  usart.o(.bss)
    huart2                                   0x2000025c   Data         128  usart.o(.bss)
    hdma_usart2_rx                           0x200002dc   Data          72  usart.o(.bss)
    pFlash                                   0x20000324   Data          24  stm32l0xx_hal_flash.o(.bss)
    G_LoRaPara                               0x2000033c   Data          16  sx127x_driver.o(.bss)
    ether_st                                 0x2000034c   Data         158  ether_hal.o(.bss)
    __initial_sp                             0x20001800   Data           0  startup_stm32l051xx.o(STACK)



==============================================================================

Memory Map of the image

  Image Entry point : 0x080000c1

  Load Region LR_IROM1 (Base: 0x08000000, Size: 0x00004510, Max: 0x00010000, ABSOLUTE)

    Execution Region ER_IROM1 (Exec base: 0x08000000, Load base: 0x08000000, Size: 0x00004410, Max: 0x00010000, ABSOLUTE)

    Exec Addr    Load Addr    Size         Type   Attr      Idx    E Section Name        Object

    0x08000000   0x08000000   0x000000c0   Data   RO            3    RESET               startup_stm32l051xx.o
    0x080000c0   0x080000c0   0x00000000   Code   RO         3361  * .ARM.Collect$$$$00000000  mc_p.l(entry.o)
    0x080000c0   0x080000c0   0x00000004   Code   RO         3651    .ARM.Collect$$$$00000001  mc_p.l(entry2.o)
    0x080000c4   0x080000c4   0x00000004   Code   RO         3654    .ARM.Collect$$$$00000004  mc_p.l(entry5.o)
    0x080000c8   0x080000c8   0x00000000   Code   RO         3656    .ARM.Collect$$$$00000008  mc_p.l(entry7b.o)
    0x080000c8   0x080000c8   0x00000000   Code   RO         3658    .ARM.Collect$$$$0000000A  mc_p.l(entry8b.o)
    0x080000c8   0x080000c8   0x00000008   Code   RO         3659    .ARM.Collect$$$$0000000B  mc_p.l(entry9a.o)
    0x080000d0   0x080000d0   0x00000000   Code   RO         3661    .ARM.Collect$$$$0000000D  mc_p.l(entry10a.o)
    0x080000d0   0x080000d0   0x00000000   Code   RO         3663    .ARM.Collect$$$$0000000F  mc_p.l(entry11a.o)
    0x080000d0   0x080000d0   0x00000004   Code   RO         3652    .ARM.Collect$$$$00002712  mc_p.l(entry2.o)
    0x080000d4   0x080000d4   0x0000001c   Code   RO            4    .text               startup_stm32l051xx.o
    0x080000f0   0x080000f0   0x0000002c   Code   RO         3364    .text               mc_p.l(uidiv.o)
    0x0800011c   0x0800011c   0x00000060   Code   RO         3366    .text               mc_p.l(uldiv.o)
    0x0800017c   0x0800017c   0x00000024   Code   RO         3370    .text               mc_p.l(memseta.o)
    0x080001a0   0x080001a0   0x00000028   Code   RO         3372    .text               mc_p.l(strstr.o)
    0x080001c8   0x080001c8   0x0000007c   Code   RO         3641    .text               mf_p.l(fdiv.o)
    0x08000244   0x08000244   0x000000f0   Code   RO         3643    .text               mf_p.l(ddiv.o)
    0x08000334   0x08000334   0x00000016   Code   RO         3645    .text               mf_p.l(fflti.o)
    0x0800034a   0x0800034a   0x00000002   PAD
    0x0800034c   0x0800034c   0x0000001c   Code   RO         3647    .text               mf_p.l(dfltui.o)
    0x08000368   0x08000368   0x0000003c   Code   RO         3649    .text               mf_p.l(dfixui.o)
    0x080003a4   0x080003a4   0x00000020   Code   RO         3666    .text               mc_p.l(llshl.o)
    0x080003c4   0x080003c4   0x00000022   Code   RO         3668    .text               mc_p.l(llushr.o)
    0x080003e6   0x080003e6   0x00000000   Code   RO         3670    .text               mc_p.l(iusefp.o)
    0x080003e6   0x080003e6   0x00000082   Code   RO         3671    .text               mf_p.l(fepilogue.o)
    0x08000468   0x08000468   0x000000be   Code   RO         3673    .text               mf_p.l(depilogue.o)
    0x08000526   0x08000526   0x00000002   PAD
    0x08000528   0x08000528   0x00000024   Code   RO         3685    .text               mc_p.l(init.o)
    0x0800054c   0x0800054c   0x00000008   Code   RO         2945    i.DIO0_GetState     sx127x_driver.o
    0x08000554   0x08000554   0x00000010   Code   RO          418    i.DMA1_Channel4_5_6_7_IRQHandler  stm32l0xx_it.o
    0x08000564   0x08000564   0x0000002c   Code   RO         1972    i.DMA_SetConfig     stm32l0xx_hal_dma.o
    0x08000590   0x08000590   0x00000014   Code   RO         3158    i.ETH_DMA_START     ether_hal.o
    0x080005a4   0x080005a4   0x0000004c   Code   RO         3159    i.ETH_Rst           ether_hal.o
    0x080005f0   0x080005f0   0x00000040   Code   RO         3160    i.ETH_UsartReceive_IDLE  ether_hal.o
    0x08000630   0x08000630   0x00000002   Code   RO          207    i.Error_Handler     main.o
    0x08000632   0x08000632   0x00000002   PAD
    0x08000634   0x08000634   0x0000002c   Code   RO         1802    i.FLASH_PageErase   stm32l0xx_hal_flash_ex.o
    0x08000660   0x08000660   0x00000090   Code   RO         1704    i.FLASH_SetErrorCode  stm32l0xx_hal_flash.o
    0x080006f0   0x080006f0   0x00000070   Code   RO         1705    i.FLASH_WaitForLastOperation  stm32l0xx_hal_flash.o
    0x08000760   0x08000760   0x00000044   Code   RO         1973    i.HAL_DMA_Abort     stm32l0xx_hal_dma.o
    0x080007a4   0x080007a4   0x0000004c   Code   RO         1974    i.HAL_DMA_Abort_IT  stm32l0xx_hal_dma.o
    0x080007f0   0x080007f0   0x00000004   Code   RO         1976    i.HAL_DMA_GetError  stm32l0xx_hal_dma.o
    0x080007f4   0x080007f4   0x000000a8   Code   RO         1978    i.HAL_DMA_IRQHandler  stm32l0xx_hal_dma.o
    0x0800089c   0x0800089c   0x00000090   Code   RO         1979    i.HAL_DMA_Init      stm32l0xx_hal_dma.o
    0x0800092c   0x0800092c   0x00000068   Code   RO         1983    i.HAL_DMA_Start_IT  stm32l0xx_hal_dma.o
    0x08000994   0x08000994   0x0000001c   Code   RO          819    i.HAL_Delay         stm32l0xx_hal.o
    0x080009b0   0x080009b0   0x00000078   Code   RO         1811    i.HAL_FLASHEx_Erase  stm32l0xx_hal_flash_ex.o
    0x08000a28   0x08000a28   0x0000001c   Code   RO         1709    i.HAL_FLASH_Lock    stm32l0xx_hal_flash.o
    0x08000a44   0x08000a44   0x0000003c   Code   RO         1714    i.HAL_FLASH_Program  stm32l0xx_hal_flash.o
    0x08000a80   0x08000a80   0x0000005c   Code   RO         1716    i.HAL_FLASH_Unlock  stm32l0xx_hal_flash.o
    0x08000adc   0x08000adc   0x00000178   Code   RO         1913    i.HAL_GPIO_Init     stm32l0xx_hal_gpio.o
    0x08000c54   0x08000c54   0x0000000a   Code   RO         1915    i.HAL_GPIO_ReadPin  stm32l0xx_hal_gpio.o
    0x08000c5e   0x08000c5e   0x0000000c   Code   RO         1917    i.HAL_GPIO_WritePin  stm32l0xx_hal_gpio.o
    0x08000c6a   0x08000c6a   0x00000002   PAD
    0x08000c6c   0x08000c6c   0x0000000c   Code   RO          823    i.HAL_GetTick       stm32l0xx_hal.o
    0x08000c78   0x08000c78   0x00000010   Code   RO          827    i.HAL_IncTick       stm32l0xx_hal.o
    0x08000c88   0x08000c88   0x00000028   Code   RO          828    i.HAL_Init          stm32l0xx_hal.o
    0x08000cb0   0x08000cb0   0x00000030   Code   RO          829    i.HAL_InitTick      stm32l0xx_hal.o
    0x08000ce0   0x08000ce0   0x00000018   Code   RO          472    i.HAL_MspInit       stm32l0xx_hal_msp.o
    0x08000cf8   0x08000cf8   0x00000014   Code   RO         2240    i.HAL_NVIC_EnableIRQ  stm32l0xx_hal_cortex.o
    0x08000d0c   0x08000d0c   0x00000008   Code   RO         2244    i.HAL_NVIC_SetPriority  stm32l0xx_hal_cortex.o
    0x08000d14   0x08000d14   0x0000001c   Code   RO         2245    i.HAL_NVIC_SystemReset  stm32l0xx_hal_cortex.o
    0x08000d30   0x08000d30   0x00000164   Code   RO         1600    i.HAL_RCCEx_PeriphCLKConfig  stm32l0xx_hal_rcc_ex.o
    0x08000e94   0x08000e94   0x00000002   Code   RO         1501    i.HAL_RCC_CSSCallback  stm32l0xx_hal_rcc.o
    0x08000e96   0x08000e96   0x00000002   PAD
    0x08000e98   0x08000e98   0x0000016c   Code   RO         1502    i.HAL_RCC_ClockConfig  stm32l0xx_hal_rcc.o
    0x08001004   0x08001004   0x00000014   Code   RO         1504    i.HAL_RCC_EnableCSS  stm32l0xx_hal_rcc.o
    0x08001018   0x08001018   0x00000020   Code   RO         1508    i.HAL_RCC_GetPCLK1Freq  stm32l0xx_hal_rcc.o
    0x08001038   0x08001038   0x00000020   Code   RO         1509    i.HAL_RCC_GetPCLK2Freq  stm32l0xx_hal_rcc.o
    0x08001058   0x08001058   0x00000078   Code   RO         1510    i.HAL_RCC_GetSysClockFreq  stm32l0xx_hal_rcc.o
    0x080010d0   0x080010d0   0x00000018   Code   RO         1512    i.HAL_RCC_NMI_IRQHandler  stm32l0xx_hal_rcc.o
    0x080010e8   0x080010e8   0x0000041c   Code   RO         1513    i.HAL_RCC_OscConfig  stm32l0xx_hal_rcc.o
    0x08001504   0x08001504   0x00000080   Code   RO          503    i.HAL_SPI_Init      stm32l0xx_hal_spi.o
    0x08001584   0x08001584   0x00000058   Code   RO          337    i.HAL_SPI_MspInit   spi.o
    0x080015dc   0x080015dc   0x000001f0   Code   RO          512    i.HAL_SPI_TransmitReceive  stm32l0xx_hal_spi.o
    0x080017cc   0x080017cc   0x00000030   Code   RO         2248    i.HAL_SYSTICK_Config  stm32l0xx_hal_cortex.o
    0x080017fc   0x080017fc   0x00000002   Code   RO         2734    i.HAL_UARTEx_WakeupCallback  stm32l0xx_hal_uart_ex.o
    0x080017fe   0x080017fe   0x0000007a   Code   RO         2395    i.HAL_UART_DMAStop  stm32l0xx_hal_uart.o
    0x08001878   0x08001878   0x00000002   Code   RO         2397    i.HAL_UART_ErrorCallback  stm32l0xx_hal_uart.o
    0x0800187a   0x0800187a   0x00000002   PAD
    0x0800187c   0x0800187c   0x0000013c   Code   RO         2400    i.HAL_UART_IRQHandler  stm32l0xx_hal_uart.o
    0x080019b8   0x080019b8   0x0000006a   Code   RO         2401    i.HAL_UART_Init     stm32l0xx_hal_uart.o
    0x08001a22   0x08001a22   0x00000002   PAD
    0x08001a24   0x08001a24   0x000000fc   Code   RO          375    i.HAL_UART_MspInit  usart.o
    0x08001b20   0x08001b20   0x000000b8   Code   RO         2405    i.HAL_UART_Receive_DMA  stm32l0xx_hal_uart.o
    0x08001bd8   0x08001bd8   0x00000002   Code   RO         2407    i.HAL_UART_RxCpltCallback  stm32l0xx_hal_uart.o
    0x08001bda   0x08001bda   0x00000002   Code   RO         2408    i.HAL_UART_RxHalfCpltCallback  stm32l0xx_hal_uart.o
    0x08001bdc   0x08001bdc   0x000000ce   Code   RO         2409    i.HAL_UART_Transmit  stm32l0xx_hal_uart.o
    0x08001caa   0x08001caa   0x00000002   Code   RO         2412    i.HAL_UART_TxCpltCallback  stm32l0xx_hal_uart.o
    0x08001cac   0x08001cac   0x00000002   Code   RO          419    i.HardFault_Handler  stm32l0xx_it.o
    0x08001cae   0x08001cae   0x00000002   PAD
    0x08001cb0   0x08001cb0   0x000000e0   Code   RO         2953    i.LoRaConfig_Check  sx127x_driver.o
    0x08001d90   0x08001d90   0x00000018   Code   RO          316    i.MX_DMA_Init       dma.o
    0x08001da8   0x08001da8   0x000000ac   Code   RO          296    i.MX_GPIO_Init      gpio.o
    0x08001e54   0x08001e54   0x00000040   Code   RO          338    i.MX_SPI1_Init      spi.o
    0x08001e94   0x08001e94   0x00000038   Code   RO          376    i.MX_USART1_UART_Init  usart.o
    0x08001ecc   0x08001ecc   0x00000038   Code   RO          377    i.MX_USART2_UART_Init  usart.o
    0x08001f04   0x08001f04   0x00000008   Code   RO          420    i.NMI_Handler       stm32l0xx_it.o
    0x08001f0c   0x08001f0c   0x00000044   Code   RO         2250    i.NVIC_SetPriority  stm32l0xx_hal_cortex.o
    0x08001f50   0x08001f50   0x00000002   Code   RO          421    i.PendSV_Handler    stm32l0xx_it.o
    0x08001f52   0x08001f52   0x00000042   Code   RO          541    i.SPI_EndRxTxTransaction  stm32l0xx_hal_spi.o
    0x08001f94   0x08001f94   0x0000008c   Code   RO          546    i.SPI_WaitFlagStateUntilTimeout  stm32l0xx_hal_spi.o
    0x08002020   0x08002020   0x00000016   Code   RO         3321    i.STMFLASH_Read     stm_flash.o
    0x08002036   0x08002036   0x00000002   PAD
    0x08002038   0x08002038   0x000000d8   Code   RO         3323    i.STMFLASH_Write    stm_flash.o
    0x08002110   0x08002110   0x00000024   Code   RO         3324    i.STMFLASH_Write_NoCheck  stm_flash.o
    0x08002134   0x08002134   0x00000002   Code   RO          422    i.SVC_Handler       stm32l0xx_it.o
    0x08002136   0x08002136   0x0000001e   Code   RO         2954    i.SX127XWriteRxTx   sx127x_driver.o
    0x08002154   0x08002154   0x00000010   Code   RO         2847    i.SX127X_DIO0_GetState  sx127x_hal.o
    0x08002164   0x08002164   0x000000a0   Code   RO         2959    i.SX127X_FreqSet    sx127x_driver.o
    0x08002204   0x08002204   0x00000100   Code   RO         2961    i.SX127X_Lora_init  sx127x_driver.o
    0x08002304   0x08002304   0x00000010   Code   RO         2853    i.SX127X_NSS_OUTPUT  sx127x_hal.o
    0x08002314   0x08002314   0x0000005c   Code   RO         2962    i.SX127X_PoutSet    sx127x_driver.o
    0x08002370   0x08002370   0x00000002   Code   RO         2855    i.SX127X_RXE_OUTPUT  sx127x_hal.o
    0x08002372   0x08002372   0x0000000a   Code   RO         2963    i.SX127X_Read       sx127x_driver.o
    0x0800237c   0x0800237c   0x00000032   Code   RO         2856    i.SX127X_ReadBuffer  sx127x_hal.o
    0x080023ae   0x080023ae   0x0000000e   Code   RO         2964    i.SX127X_ReadFifo   sx127x_driver.o
    0x080023bc   0x080023bc   0x00000020   Code   RO         2857    i.SX127X_ReadWriteByte  sx127x_hal.o
    0x080023dc   0x080023dc   0x0000002c   Code   RO         2965    i.SX127X_Reset      sx127x_driver.o
    0x08002408   0x08002408   0x00000088   Code   RO         2966    i.SX127X_RxPacket   sx127x_driver.o
    0x08002490   0x08002490   0x0000000c   Code   RO         2968    i.SX127X_StandbyMode  sx127x_driver.o
    0x0800249c   0x0800249c   0x00000054   Code   RO         2969    i.SX127X_StartRx    sx127x_driver.o
    0x080024f0   0x080024f0   0x00000002   Code   RO         2858    i.SX127X_TXE_OUTPUT  sx127x_hal.o
    0x080024f2   0x080024f2   0x00000002   PAD
    0x080024f4   0x080024f4   0x00000064   Code   RO         2970    i.SX127X_TxPacket   sx127x_driver.o
    0x08002558   0x08002558   0x0000000c   Code   RO         2974    i.SX127X_Write      sx127x_driver.o
    0x08002564   0x08002564   0x00000032   Code   RO         2859    i.SX127X_WriteBuffer  sx127x_hal.o
    0x08002596   0x08002596   0x00000002   PAD
    0x08002598   0x08002598   0x00000034   Code   RO          423    i.SysTick_Handler   stm32l0xx_it.o
    0x080025cc   0x080025cc   0x0000007c   Code   RO          208    i.SystemClock_Config  main.o
    0x08002648   0x08002648   0x00000054   Code   RO         2790    i.SystemInit        system_stm32l0xx.o
    0x0800269c   0x0800269c   0x000000ca   Code   RO         2414    i.UART_AdvFeatureConfig  stm32l0xx_hal_uart.o
    0x08002766   0x08002766   0x00000002   PAD
    0x08002768   0x08002768   0x00000060   Code   RO         2415    i.UART_CheckIdleState  stm32l0xx_hal_uart.o
    0x080027c8   0x080027c8   0x00000014   Code   RO         2416    i.UART_DMAAbortOnError  stm32l0xx_hal_uart.o
    0x080027dc   0x080027dc   0x00000048   Code   RO         2417    i.UART_DMAError     stm32l0xx_hal_uart.o
    0x08002824   0x08002824   0x0000003e   Code   RO         2418    i.UART_DMAReceiveCplt  stm32l0xx_hal_uart.o
    0x08002862   0x08002862   0x0000000a   Code   RO         2420    i.UART_DMARxHalfCplt  stm32l0xx_hal_uart.o
    0x0800286c   0x0800286c   0x00000020   Code   RO         2426    i.UART_EndRxTransfer  stm32l0xx_hal_uart.o
    0x0800288c   0x0800288c   0x00000010   Code   RO         2427    i.UART_EndTxTransfer  stm32l0xx_hal_uart.o
    0x0800289c   0x0800289c   0x00000228   Code   RO         2430    i.UART_SetConfig    stm32l0xx_hal_uart.o
    0x08002ac4   0x08002ac4   0x00000062   Code   RO         2433    i.UART_WaitOnFlagUntilTimeout  stm32l0xx_hal_uart.o
    0x08002b26   0x08002b26   0x00000002   PAD
    0x08002b28   0x08002b28   0x00000014   Code   RO         3161    i.USART2_IRQHandler  ether_hal.o
    0x08002b3c   0x08002b3c   0x00000020   Code   RO         3585    i.__0printf$8       mc_p.l(printf8.o)
    0x08002b5c   0x08002b5c   0x00000028   Code   RO         3587    i.__0sprintf$8      mc_p.l(printf8.o)
    0x08002b84   0x08002b84   0x0000002e   Code   RO         3675    i.__ARM_clz         mf_p.l(depilogue.o)
    0x08002bb2   0x08002bb2   0x0000001a   Code   RO           77    i.__ARM_common_switch8  main_app.o
    0x08002bcc   0x08002bcc   0x0000000e   Code   RO         3691    i.__scatterload_copy  mc_p.l(handlers.o)
    0x08002bda   0x08002bda   0x00000002   Code   RO         3692    i.__scatterload_null  mc_p.l(handlers.o)
    0x08002bdc   0x08002bdc   0x0000000e   Code   RO         3693    i.__scatterload_zeroinit  mc_p.l(handlers.o)
    0x08002bea   0x08002bea   0x00000002   PAD
    0x08002bec   0x08002bec   0x00000428   Code   RO         3592    i._printf_core      mc_p.l(printf8.o)
    0x08003014   0x08003014   0x00000020   Code   RO         3593    i._printf_post_padding  mc_p.l(printf8.o)
    0x08003034   0x08003034   0x0000002c   Code   RO         3594    i._printf_pre_padding  mc_p.l(printf8.o)
    0x08003060   0x08003060   0x0000000a   Code   RO         3596    i._sputc            mc_p.l(printf8.o)
    0x0800306a   0x0800306a   0x00000002   PAD
    0x0800306c   0x0800306c   0x00000080   Code   RO           12    i.app_lora_config_init  main_app.o
    0x080030ec   0x080030ec   0x000000c0   Code   RO         3162    i.atk_eth_send_cmd  ether_hal.o
    0x080031ac   0x080031ac   0x0000004c   Code   RO           13    i.check_factory_parameter  main_app.o
    0x080031f8   0x080031f8   0x00000124   Code   RO          209    i.chuchang_check    main.o
    0x0800331c   0x0800331c   0x00000016   Code   RO         3233    i.data_decrypt      sm4_app.o
    0x08003332   0x08003332   0x00000016   Code   RO         3234    i.data_encrypt      sm4_app.o
    0x08003348   0x08003348   0x00000040   Code   RO         3163    i.eth_at_open       ether_hal.o
    0x08003388   0x08003388   0x0000034c   Code   RO         3164    i.eth_init          ether_hal.o
    0x080036d4   0x080036d4   0x00000014   Code   RO         3165    i.eth_send_string   ether_hal.o
    0x080036e8   0x080036e8   0x0000001c   Code   RO         2823    i.fputc             debug_usart_hal.o
    0x08003704   0x08003704   0x000001ec   Code   RO           14    i.lora_process      main_app.o
    0x080038f0   0x080038f0   0x00000034   Code   RO           15    i.lora_send_data    main_app.o
    0x08003924   0x08003924   0x00000062   Code   RO          211    i.main              main.o
    0x08003986   0x08003986   0x00000002   PAD
    0x08003988   0x08003988   0x00000018   Code   RO         3166    i.send_byte_to_eth  ether_hal.o
    0x080039a0   0x080039a0   0x00000018   Code   RO         3167    i.send_string_to_eth  ether_hal.o
    0x080039b8   0x080039b8   0x00000026   Code   RO          212    i.u32_ip_to_u8_ip   main.o
    0x080039de   0x080039de   0x00000002   PAD
    0x080039e0   0x080039e0   0x00000018   Code   RO          213    i.u8_ip_to_u32_ip   main.o
    0x080039f8   0x080039f8   0x00000016   Code   RO          214    i.u8_ip_to_u32_ip_more  main.o
    0x08003a0e   0x08003a0e   0x00000002   PAD
    0x08003a10   0x08003a10   0x0000005c   Code   RO           18    i.wifi_connect_pin_pack  main_app.o
    0x08003a6c   0x08003a6c   0x00000960   Code   RO           19    i.wifi_process      main_app.o
    0x080043cc   0x080043cc   0x00000019   Data   RO         2791    .constdata          system_stm32l0xx.o
    0x080043e5   0x080043e5   0x00000008   Data   RO         2792    .constdata          system_stm32l0xx.o
    0x080043ed   0x080043ed   0x00000003   PAD
    0x080043f0   0x080043f0   0x00000020   Data   RO         3689    Region$$Table       anon$$obj.o


    Execution Region RW_IRAM1 (Exec base: 0x20000000, Load base: 0x08004410, Size: 0x00001800, Max: 0x00002000, ABSOLUTE)

    Exec Addr    Load Addr    Size         Type   Attr      Idx    E Section Name        Object

    0x20000000   0x08004410   0x00000042   Data   RW           21    .data               main_app.o
    0x20000042   0x08004452   0x00000002   PAD
    0x20000044   0x08004454   0x00000004   Data   RW           27    .data               main_app.o
    0x20000048   0x08004458   0x00000018   Data   RW          216    .data               main.o
    0x20000060   0x08004470   0x00000004   Data   RW          222    .data               main.o
    0x20000064   0x08004474   0x00000004   Data   RW          838    .data               stm32l0xx_hal.o
    0x20000068   0x08004478   0x00000004   Data   RW         2793    .data               system_stm32l0xx.o
    0x2000006c   0x0800447c   0x00000014   Data   RW         2979    .data               sx127x_driver.o
    0x20000080   0x08004490   0x0000007a   Data   RW         3169    .data               ether_hal.o
    0x200000fa   0x0800450a   0x00000002   PAD
    0x200000fc   0x0800450c   0x00000004   Data   RW         3665    .data               mc_p.l(stdout.o)
    0x20000100        -       0x00000082   Zero   RW           20    .bss                main_app.o
    0x20000182   0x08004510   0x00000002   PAD
    0x20000184        -       0x00000058   Zero   RW          339    .bss                spi.o
    0x200001dc        -       0x00000148   Zero   RW          378    .bss                usart.o
    0x20000324        -       0x00000018   Zero   RW         1717    .bss                stm32l0xx_hal_flash.o
    0x2000033c        -       0x00000010   Zero   RW         2977    .bss                sx127x_driver.o
    0x2000034c        -       0x0000009e   Zero   RW         3168    .bss                ether_hal.o
    0x200003ea   0x08004510   0x00000002   PAD
    0x200003ec        -       0x0000040c   Zero   RW         3325    .bss                stm_flash.o
    0x200007f8   0x08004510   0x00000008   PAD
    0x20000800        -       0x00001000   Zero   RW            1    STACK               startup_stm32l051xx.o


==============================================================================

Image component sizes


      Code (inc. data)   RO Data    RW Data    ZI Data      Debug   Object Name

        28         10          0          0          0        472   debug_usart_hal.o
        24          4          0          0          0        702   dma.o
      1348        570          0        122        158       6440   ether_hal.o
       172         18          0          0          0        907   gpio.o
       600        124          0         28          0       5386   main.o
      3266        726          0         70        130     314477   main_app.o
        44          0          0          0          0       1656   sm4_app.o
       152         18          0          0         88       1545   spi.o
        28          8        192          0       4096        628   startup_stm32l051xx.o
       144         20          0          4          0       3739   stm32l0xx_hal.o
       172         34          0          0          0      11208   stm32l0xx_hal_cortex.o
       608         12          0          0          0       5497   stm32l0xx_hal_dma.o
       436         54          0          0         24       5366   stm32l0xx_hal_flash.o
       164         24          0          0          0       2625   stm32l0xx_hal_flash_ex.o
       398         30          0          0          0       2975   stm32l0xx_hal_gpio.o
        24          4          0          0          0        426   stm32l0xx_hal_msp.o
      1646        100          0          0          0       7011   stm32l0xx_hal_rcc.o
       356         14          0          0          0       1444   stm32l0xx_hal_rcc_ex.o
       830          0          0          0          0       4737   stm32l0xx_hal_spi.o
      2102         96          0          0          0      14728   stm32l0xx_hal_uart.o
         2          0          0          0          0        980   stm32l0xx_hal_uart_ex.o
        82         20          0          0          0       2632   stm32l0xx_it.o
       274         10          0          0       1036       3066   stm_flash.o
      1182        118          0         20         16      24964   sx127x_driver.o
       168          8          0          0          0       4127   sx127x_hal.o
        84         18         33          4          0       1199   system_stm32l0xx.o
       364         38          0          0        328       2286   usart.o

    ----------------------------------------------------------------------
     14726       2078        260        252       5888     431223   Object Totals
         0          0         32          0          0          0   (incl. Generated)
        28          0          3          4         12          0   (incl. Padding)

    ----------------------------------------------------------------------

      Code (inc. data)   RO Data    RW Data    ZI Data      Debug   Library Member Name

         0          0          0          0          0          0   entry.o
         0          0          0          0          0          0   entry10a.o
         0          0          0          0          0          0   entry11a.o
         8          4          0          0          0          0   entry2.o
         4          0          0          0          0          0   entry5.o
         0          0          0          0          0          0   entry7b.o
         0          0          0          0          0          0   entry8b.o
         8          4          0          0          0          0   entry9a.o
        30          0          0          0          0          0   handlers.o
        36          8          0          0          0         68   init.o
         0          0          0          0          0          0   iusefp.o
        32          0          0          0          0         68   llshl.o
        34          0          0          0          0         68   llushr.o
        36          0          0          0          0        100   memseta.o
      1222         56          0          0          0        468   printf8.o
         0          0          0          4          0          0   stdout.o
        40          0          0          0          0         72   strstr.o
        44          0          0          0          0         72   uidiv.o
        96          0          0          0          0         84   uldiv.o
       240          6          0          0          0         84   ddiv.o
       236          0          0          0          0        216   depilogue.o
        60         10          0          0          0         68   dfixui.o
        28          4          0          0          0         68   dfltui.o
       124          0          0          0          0         72   fdiv.o
       130          0          0          0          0        144   fepilogue.o
        22          0          0          0          0         68   fflti.o

    ----------------------------------------------------------------------
      2438         92          0          4          0       1720   Library Totals
         8          0          0          0          0          0   (incl. Padding)

    ----------------------------------------------------------------------

      Code (inc. data)   RO Data    RW Data    ZI Data      Debug   Library Name

      1590         72          0          4          0       1000   mc_p.l
       840         20          0          0          0        720   mf_p.l

    ----------------------------------------------------------------------
      2438         92          0          4          0       1720   Library Totals

    ----------------------------------------------------------------------

==============================================================================


      Code (inc. data)   RO Data    RW Data    ZI Data      Debug   

     17164       2170        260        256       5888     426847   Grand Totals
     17164       2170        260        256       5888     426847   ELF Image Totals
     17164       2170        260        256          0          0   ROM Totals

==============================================================================

    Total RO  Size (Code + RO Data)                17424 (  17.02kB)
    Total RW  Size (RW Data + ZI Data)              6144 (   6.00kB)
    Total ROM Size (Code + RO Data + RW Data)      17680 (  17.27kB)

==============================================================================

